[training] loading tokenizer and model
[training] device=cuda cuda_available=True epochs=3 samples_per_epoch=200000 batch_size=32 steps_per_epoch=6250 total_train_steps=18750 amp=True
train epoch 1/3 [------------------------]   0.0% 0/6250 elapsed=00:00:00
train epoch 1/3 [------------------------]   1.0% 62/6250 elapsed=00:00:20 loss=5.9462 token=2.4010 gap=2.1972 rule=3.0287 lr=0.0000
train epoch 1/3 [------------------------]   2.0% 124/6250 elapsed=00:00:40 loss=5.6661 token=2.2751 gap=2.0737 rule=3.0086 lr=0.0000
train epoch 1/3 [#-----------------------]   3.0% 186/6250 elapsed=00:01:00 loss=5.0145 token=1.9608 gap=1.8083 rule=2.9456 lr=0.0000
train epoch 1/3 [#-----------------------]   4.0% 248/6250 elapsed=00:01:20 loss=4.2288 token=1.6314 gap=1.4697 rule=2.7794 lr=0.0000
train epoch 1/3 [#-----------------------]   5.0% 310/6250 elapsed=00:01:40 loss=3.6426 token=1.3896 gap=1.2226 rule=2.6195 lr=0.0000
train epoch 1/3 [#-----------------------]   6.0% 372/6250 elapsed=00:02:00 loss=3.1916 token=1.1989 gap=1.0420 rule=2.4742 lr=0.0000
train epoch 1/3 [##----------------------]   6.9% 434/6250 elapsed=00:02:20 loss=2.8201 token=1.0463 gap=0.9027 rule=2.3020 lr=0.0000
train epoch 1/3 [##----------------------]   7.9% 496/6250 elapsed=00:02:40 loss=2.5111 token=0.9260 gap=0.7941 rule=2.1074 lr=0.0000
train epoch 1/3 [##----------------------]   8.9% 558/6250 elapsed=00:03:00 loss=2.2519 token=0.8282 gap=0.7076 rule=1.9152 lr=0.0000
train epoch 1/3 [##----------------------]   9.9% 620/6250 elapsed=00:03:20 loss=2.0369 token=0.7484 gap=0.6377 rule=1.7444 lr=0.0000
train epoch 1/3 [###---------------------]  10.9% 682/6250 elapsed=00:03:40 loss=1.8580 token=0.6822 gap=0.5803 rule=1.5980 lr=0.0000
train epoch 1/3 [###---------------------]  11.9% 744/6250 elapsed=00:04:00 loss=1.7068 token=0.6266 gap=0.5322 rule=1.4718 lr=0.0000
train epoch 1/3 [###---------------------]  12.9% 806/6250 elapsed=00:04:21 loss=1.5779 token=0.5792 gap=0.4915 rule=1.3630 lr=0.0000
train epoch 1/3 [###---------------------]  13.9% 868/6250 elapsed=00:04:40 loss=1.4669 token=0.5384 gap=0.4565 rule=1.2689 lr=0.0000
train epoch 1/3 [####--------------------]  14.9% 930/6250 elapsed=00:05:00 loss=1.3702 token=0.5028 gap=0.4262 rule=1.1866 lr=0.0000
train epoch 1/3 [####--------------------]  15.9% 992/6250 elapsed=00:05:20 loss=1.2855 token=0.4716 gap=0.3997 rule=1.1142 lr=0.0000
train epoch 1/3 [####--------------------]  16.9% 1054/6250 elapsed=00:05:41 loss=1.2105 token=0.4441 gap=0.3762 rule=1.0499 lr=0.0000
train epoch 1/3 [####--------------------]  17.9% 1116/6250 elapsed=00:06:01 loss=1.1438 token=0.4196 gap=0.3554 rule=0.9925 lr=0.0000
train epoch 1/3 [#####-------------------]  18.8% 1178/6250 elapsed=00:06:21 loss=1.0840 token=0.3976 gap=0.3367 rule=0.9411 lr=0.0001
train epoch 1/3 [#####-------------------]  19.8% 1240/6250 elapsed=00:06:41 loss=1.0301 token=0.3778 gap=0.3199 rule=0.8947 lr=0.0001
train epoch 1/3 [#####-------------------]  20.8% 1302/6250 elapsed=00:07:01 loss=0.9814 token=0.3599 gap=0.3047 rule=0.8526 lr=0.0001
train epoch 1/3 [#####-------------------]  21.8% 1364/6250 elapsed=00:07:21 loss=0.9371 token=0.3437 gap=0.2909 rule=0.8143 lr=0.0001
train epoch 1/3 [#####-------------------]  22.8% 1426/6250 elapsed=00:07:41 loss=0.8965 token=0.3288 gap=0.2783 rule=0.7793 lr=0.0001
train epoch 1/3 [######------------------]  23.8% 1488/6250 elapsed=00:08:01 loss=0.8593 token=0.3151 gap=0.2667 rule=0.7470 lr=0.0001
train epoch 1/3 [######------------------]  24.8% 1550/6250 elapsed=00:08:21 loss=0.8251 token=0.3026 gap=0.2561 rule=0.7174 lr=0.0001
train epoch 1/3 [######------------------]  25.8% 1612/6250 elapsed=00:08:41 loss=0.7934 token=0.2910 gap=0.2462 rule=0.6900 lr=0.0001
train epoch 1/3 [######------------------]  26.8% 1674/6250 elapsed=00:09:01 loss=0.7642 token=0.2802 gap=0.2371 rule=0.6647 lr=0.0001
train epoch 1/3 [#######-----------------]  27.8% 1736/6250 elapsed=00:09:21 loss=0.7370 token=0.2702 gap=0.2287 rule=0.6411 lr=0.0001
train epoch 1/3 [#######-----------------]  28.8% 1798/6250 elapsed=00:09:41 loss=0.7117 token=0.2610 gap=0.2208 rule=0.6192 lr=0.0001
train epoch 1/3 [#######-----------------]  29.8% 1860/6250 elapsed=00:10:01 loss=0.6880 token=0.2523 gap=0.2134 rule=0.5986 lr=0.0001
train epoch 1/3 [#######-----------------]  30.8% 1922/6250 elapsed=00:10:21 loss=0.6659 token=0.2442 gap=0.2066 rule=0.5794 lr=0.0001
train epoch 1/3 [########----------------]  31.7% 1984/6250 elapsed=00:10:41 loss=0.6451 token=0.2365 gap=0.2001 rule=0.5614 lr=0.0001
train epoch 1/3 [########----------------]  32.7% 2046/6250 elapsed=00:11:01 loss=0.6256 token=0.2294 gap=0.1941 rule=0.5445 lr=0.0001
train epoch 1/3 [########----------------]  33.7% 2108/6250 elapsed=00:11:21 loss=0.6073 token=0.2227 gap=0.1884 rule=0.5286 lr=0.0001
train epoch 1/3 [########----------------]  34.7% 2170/6250 elapsed=00:11:41 loss=0.5900 token=0.2163 gap=0.1830 rule=0.5136 lr=0.0001
train epoch 1/3 [#########---------------]  35.7% 2232/6250 elapsed=00:12:01 loss=0.5736 token=0.2103 gap=0.1779 rule=0.4994 lr=0.0001
train epoch 1/3 [#########---------------]  36.7% 2294/6250 elapsed=00:12:21 loss=0.5582 token=0.2046 gap=0.1731 rule=0.4859 lr=0.0001
train epoch 1/3 [#########---------------]  37.7% 2356/6250 elapsed=00:12:41 loss=0.5435 token=0.1993 gap=0.1686 rule=0.4733 lr=0.0001
train epoch 1/3 [#########---------------]  38.7% 2418/6250 elapsed=00:13:01 loss=0.5296 token=0.1942 gap=0.1642 rule=0.4612 lr=0.0001
train epoch 1/3 [##########--------------]  39.7% 2480/6250 elapsed=00:13:21 loss=0.5164 token=0.1893 gap=0.1601 rule=0.4497 lr=0.0001
train epoch 1/3 [##########--------------]  40.7% 2542/6250 elapsed=00:13:41 loss=0.5038 token=0.1847 gap=0.1562 rule=0.4387 lr=0.0001
train epoch 1/3 [##########--------------]  41.7% 2604/6250 elapsed=00:14:01 loss=0.4918 token=0.1803 gap=0.1525 rule=0.4283 lr=0.0001
train epoch 1/3 [##########--------------]  42.7% 2666/6250 elapsed=00:14:21 loss=0.4804 token=0.1761 gap=0.1490 rule=0.4184 lr=0.0001
train epoch 1/3 [##########--------------]  43.6% 2728/6250 elapsed=00:14:41 loss=0.4695 token=0.1721 gap=0.1456 rule=0.4089 lr=0.0001
train epoch 1/3 [###########-------------]  44.6% 2790/6250 elapsed=00:15:00 loss=0.4591 token=0.1683 gap=0.1424 rule=0.3999 lr=0.0001
train epoch 1/3 [###########-------------]  45.6% 2852/6250 elapsed=00:15:20 loss=0.4491 token=0.1647 gap=0.1393 rule=0.3912 lr=0.0001
train epoch 1/3 [###########-------------]  46.6% 2914/6250 elapsed=00:15:40 loss=0.4396 token=0.1612 gap=0.1363 rule=0.3829 lr=0.0001
train epoch 1/3 [###########-------------]  47.6% 2976/6250 elapsed=00:16:00 loss=0.4304 token=0.1578 gap=0.1335 rule=0.3749 lr=0.0001
train epoch 1/3 [############------------]  48.6% 3038/6250 elapsed=00:16:19 loss=0.4217 token=0.1546 gap=0.1307 rule=0.3673 lr=0.0001
train epoch 1/3 [############------------]  49.6% 3100/6250 elapsed=00:16:38 loss=0.4133 token=0.1515 gap=0.1281 rule=0.3600 lr=0.0001
train epoch 1/3 [############------------]  50.6% 3162/6250 elapsed=00:16:57 loss=0.4052 token=0.1485 gap=0.1256 rule=0.3529 lr=0.0001
train epoch 1/3 [############------------]  51.6% 3224/6250 elapsed=00:17:17 loss=0.3974 token=0.1457 gap=0.1232 rule=0.3462 lr=0.0001
train epoch 1/3 [#############-----------]  52.6% 3286/6250 elapsed=00:17:36 loss=0.3899 token=0.1429 gap=0.1209 rule=0.3396 lr=0.0001
train epoch 1/3 [#############-----------]  53.6% 3348/6250 elapsed=00:17:55 loss=0.3827 token=0.1403 gap=0.1186 rule=0.3334 lr=0.0001
train epoch 1/3 [#############-----------]  54.6% 3410/6250 elapsed=00:18:15 loss=0.3758 token=0.1378 gap=0.1165 rule=0.3274 lr=0.0001
train epoch 1/3 [#############-----------]  55.6% 3472/6250 elapsed=00:18:35 loss=0.3691 token=0.1353 gap=0.1144 rule=0.3216 lr=0.0001
train epoch 1/3 [##############----------]  56.5% 3534/6250 elapsed=00:18:55 loss=0.3626 token=0.1329 gap=0.1124 rule=0.3160 lr=0.0001
train epoch 1/3 [##############----------]  57.5% 3596/6250 elapsed=00:19:15 loss=0.3564 token=0.1306 gap=0.1105 rule=0.3106 lr=0.0001
train epoch 1/3 [##############----------]  58.5% 3658/6250 elapsed=00:19:34 loss=0.3503 token=0.1284 gap=0.1086 rule=0.3053 lr=0.0001
train epoch 1/3 [##############----------]  59.5% 3720/6250 elapsed=00:19:54 loss=0.3445 token=0.1263 gap=0.1068 rule=0.3003 lr=0.0001
train epoch 1/3 [###############---------]  60.5% 3782/6250 elapsed=00:20:13 loss=0.3389 token=0.1242 gap=0.1050 rule=0.2953 lr=0.0001
train epoch 1/3 [###############---------]  61.5% 3844/6250 elapsed=00:20:32 loss=0.3334 token=0.1222 gap=0.1033 rule=0.2906 lr=0.0001
train epoch 1/3 [###############---------]  62.5% 3906/6250 elapsed=00:20:51 loss=0.3281 token=0.1203 gap=0.1017 rule=0.2860 lr=0.0001
train epoch 1/3 [###############---------]  63.5% 3968/6250 elapsed=00:21:11 loss=0.3230 token=0.1184 gap=0.1001 rule=0.2816 lr=0.0001
train epoch 1/3 [###############---------]  64.5% 4030/6250 elapsed=00:21:32 loss=0.3181 token=0.1166 gap=0.0986 rule=0.2773 lr=0.0001
train epoch 1/3 [################--------]  65.5% 4092/6250 elapsed=00:21:52 loss=0.3133 token=0.1148 gap=0.0971 rule=0.2731 lr=0.0001
train epoch 1/3 [################--------]  66.5% 4154/6250 elapsed=00:22:12 loss=0.3086 token=0.1131 gap=0.0956 rule=0.2691 lr=0.0001
train epoch 1/3 [################--------]  67.5% 4216/6250 elapsed=00:22:32 loss=0.3041 token=0.1115 gap=0.0942 rule=0.2651 lr=0.0001
train epoch 1/3 [################--------]  68.4% 4278/6250 elapsed=00:22:52 loss=0.2997 token=0.1098 gap=0.0929 rule=0.2613 lr=0.0001
train epoch 1/3 [#################-------]  69.4% 4340/6250 elapsed=00:23:12 loss=0.2954 token=0.1083 gap=0.0915 rule=0.2576 lr=0.0001
train epoch 1/3 [#################-------]  70.4% 4402/6250 elapsed=00:23:32 loss=0.2913 token=0.1068 gap=0.0903 rule=0.2540 lr=0.0001
train epoch 1/3 [#################-------]  71.4% 4464/6250 elapsed=00:23:52 loss=0.2872 token=0.1053 gap=0.0890 rule=0.2505 lr=0.0001
train epoch 1/3 [#################-------]  72.4% 4526/6250 elapsed=00:24:11 loss=0.2833 token=0.1038 gap=0.0878 rule=0.2471 lr=0.0001
train epoch 1/3 [##################------]  73.4% 4588/6250 elapsed=00:24:31 loss=0.2795 token=0.1024 gap=0.0866 rule=0.2437 lr=0.0001
train epoch 1/3 [##################------]  74.4% 4650/6250 elapsed=00:24:51 loss=0.2758 token=0.1011 gap=0.0854 rule=0.2405 lr=0.0001
train epoch 1/3 [##################------]  75.4% 4712/6250 elapsed=00:25:11 loss=0.2721 token=0.0998 gap=0.0843 rule=0.2373 lr=0.0001
train epoch 1/3 [##################------]  76.4% 4774/6250 elapsed=00:25:31 loss=0.2686 token=0.0985 gap=0.0832 rule=0.2343 lr=0.0001
train epoch 1/3 [###################-----]  77.4% 4836/6250 elapsed=00:25:51 loss=0.2652 token=0.0972 gap=0.0822 rule=0.2313 lr=0.0001
train epoch 1/3 [###################-----]  78.4% 4898/6250 elapsed=00:26:11 loss=0.2618 token=0.0960 gap=0.0811 rule=0.2284 lr=0.0001
train epoch 1/3 [###################-----]  79.4% 4960/6250 elapsed=00:26:31 loss=0.2586 token=0.0948 gap=0.0801 rule=0.2255 lr=0.0001
train epoch 1/3 [###################-----]  80.4% 5022/6250 elapsed=00:26:51 loss=0.2554 token=0.0936 gap=0.0791 rule=0.2227 lr=0.0001
train epoch 1/3 [####################----]  81.3% 5084/6250 elapsed=00:27:11 loss=0.2523 token=0.0925 gap=0.0782 rule=0.2200 lr=0.0001
train epoch 1/3 [####################----]  82.3% 5146/6250 elapsed=00:27:31 loss=0.2492 token=0.0914 gap=0.0772 rule=0.2174 lr=0.0001
train epoch 1/3 [####################----]  83.3% 5208/6250 elapsed=00:27:51 loss=0.2463 token=0.0903 gap=0.0763 rule=0.2148 lr=0.0001
train epoch 1/3 [####################----]  84.3% 5270/6250 elapsed=00:28:11 loss=0.2434 token=0.0892 gap=0.0754 rule=0.2123 lr=0.0001
train epoch 1/3 [####################----]  85.3% 5332/6250 elapsed=00:28:31 loss=0.2406 token=0.0882 gap=0.0745 rule=0.2098 lr=0.0001
train epoch 1/3 [#####################---]  86.3% 5394/6250 elapsed=00:28:51 loss=0.2378 token=0.0872 gap=0.0737 rule=0.2074 lr=0.0001
train epoch 1/3 [#####################---]  87.3% 5456/6250 elapsed=00:29:11 loss=0.2351 token=0.0862 gap=0.0728 rule=0.2051 lr=0.0001
train epoch 1/3 [#####################---]  88.3% 5518/6250 elapsed=00:29:31 loss=0.2325 token=0.0852 gap=0.0720 rule=0.2028 lr=0.0001
train epoch 1/3 [#####################---]  89.3% 5580/6250 elapsed=00:29:51 loss=0.2299 token=0.0843 gap=0.0712 rule=0.2005 lr=0.0001
train epoch 1/3 [######################--]  90.3% 5642/6250 elapsed=00:30:11 loss=0.2274 token=0.0833 gap=0.0704 rule=0.1983 lr=0.0001
train epoch 1/3 [######################--]  91.3% 5704/6250 elapsed=00:30:31 loss=0.2249 token=0.0824 gap=0.0697 rule=0.1962 lr=0.0001
train epoch 1/3 [######################--]  92.3% 5766/6250 elapsed=00:30:51 loss=0.2225 token=0.0815 gap=0.0689 rule=0.1941 lr=0.0001
train epoch 1/3 [######################--]  93.2% 5828/6250 elapsed=00:31:11 loss=0.2201 token=0.0807 gap=0.0682 rule=0.1920 lr=0.0001
train epoch 1/3 [#######################-]  94.2% 5890/6250 elapsed=00:31:31 loss=0.2178 token=0.0798 gap=0.0675 rule=0.1900 lr=0.0001
train epoch 1/3 [#######################-]  95.2% 5952/6250 elapsed=00:31:51 loss=0.2155 token=0.0790 gap=0.0668 rule=0.1880 lr=0.0001
train epoch 1/3 [#######################-]  96.2% 6014/6250 elapsed=00:32:11 loss=0.2133 token=0.0782 gap=0.0661 rule=0.1861 lr=0.0001
train epoch 1/3 [#######################-]  97.2% 6076/6250 elapsed=00:32:31 loss=0.2111 token=0.0774 gap=0.0654 rule=0.1842 lr=0.0001
train epoch 1/3 [########################]  98.2% 6138/6250 elapsed=00:32:51 loss=0.2090 token=0.0766 gap=0.0648 rule=0.1823 lr=0.0001
train epoch 1/3 [########################]  99.2% 6200/6250 elapsed=00:33:11 loss=0.2069 token=0.0758 gap=0.0641 rule=0.1805 lr=0.0001
train epoch 1/3 [########################] 100.0% 6250/6250 elapsed=00:33:27 loss=0.2053 token=0.0752 gap=0.0636 rule=0.1790 lr=0.0001
validate epoch 1/3 [------------------------]   0.0% 0/5000 elapsed=00:00:00
validate epoch 1/3 [------------------------]   1.3% 64/5000 elapsed=00:00:00 loss=0.0000 exact=1.0000
validate epoch 1/3 [#-----------------------]   2.6% 128/5000 elapsed=00:00:00 loss=0.0000 exact=1.0000
validate epoch 1/3 [#-----------------------]   3.8% 192/5000 elapsed=00:00:00 loss=0.0000 exact=1.0000
validate epoch 1/3 [#-----------------------]   5.1% 256/5000 elapsed=00:00:00 loss=0.0000 exact=1.0000
validate epoch 1/3 [##----------------------]   6.4% 320/5000 elapsed=00:00:01 loss=0.0000 exact=1.0000
validate epoch 1/3 [##----------------------]   7.7% 384/5000 elapsed=00:00:01 loss=0.0000 exact=1.0000
validate epoch 1/3 [##----------------------]   9.0% 448/5000 elapsed=00:00:01 loss=0.0000 exact=1.0000
validate epoch 1/3 [##----------------------]  10.2% 512/5000 elapsed=00:00:01 loss=0.0000 exact=1.0000
validate epoch 1/3 [###---------------------]  11.5% 576/5000 elapsed=00:00:02 loss=0.0000 exact=1.0000
validate epoch 1/3 [###---------------------]  12.8% 640/5000 elapsed=00:00:02 loss=0.0000 exact=1.0000
validate epoch 1/3 [###---------------------]  14.1% 704/5000 elapsed=00:00:02 loss=0.0000 exact=1.0000
validate epoch 1/3 [####--------------------]  15.4% 768/5000 elapsed=00:00:02 loss=0.0000 exact=1.0000
validate epoch 1/3 [####--------------------]  16.6% 832/5000 elapsed=00:00:03 loss=0.0000 exact=1.0000
validate epoch 1/3 [####--------------------]  17.9% 896/5000 elapsed=00:00:03 loss=0.0000 exact=1.0000
validate epoch 1/3 [#####-------------------]  19.2% 960/5000 elapsed=00:00:03 loss=0.0000 exact=1.0000
validate epoch 1/3 [#####-------------------]  20.5% 1024/5000 elapsed=00:00:03 loss=0.0000 exact=1.0000
validate epoch 1/3 [#####-------------------]  21.8% 1088/5000 elapsed=00:00:04 loss=0.0000 exact=1.0000
validate epoch 1/3 [######------------------]  23.0% 1152/5000 elapsed=00:00:04 loss=0.0000 exact=1.0000
validate epoch 1/3 [######------------------]  24.3% 1216/5000 elapsed=00:00:04 loss=0.0000 exact=1.0000
validate epoch 1/3 [######------------------]  25.6% 1280/5000 elapsed=00:00:04 loss=0.0000 exact=1.0000
validate epoch 1/3 [######------------------]  26.9% 1344/5000 elapsed=00:00:05 loss=0.0000 exact=1.0000
validate epoch 1/3 [#######-----------------]  28.2% 1408/5000 elapsed=00:00:05 loss=0.0000 exact=1.0000
validate epoch 1/3 [#######-----------------]  29.4% 1472/5000 elapsed=00:00:05 loss=0.0000 exact=1.0000
validate epoch 1/3 [#######-----------------]  30.7% 1536/5000 elapsed=00:00:05 loss=0.0000 exact=1.0000
validate epoch 1/3 [########----------------]  32.0% 1600/5000 elapsed=00:00:05 loss=0.0000 exact=1.0000
validate epoch 1/3 [########----------------]  33.3% 1664/5000 elapsed=00:00:06 loss=0.0000 exact=1.0000
validate epoch 1/3 [########----------------]  34.6% 1728/5000 elapsed=00:00:06 loss=0.0000 exact=1.0000
validate epoch 1/3 [#########---------------]  35.8% 1792/5000 elapsed=00:00:06 loss=0.0000 exact=1.0000
validate epoch 1/3 [#########---------------]  37.1% 1856/5000 elapsed=00:00:06 loss=0.0000 exact=1.0000
validate epoch 1/3 [#########---------------]  38.4% 1920/5000 elapsed=00:00:07 loss=0.0000 exact=1.0000
validate epoch 1/3 [##########--------------]  39.7% 1984/5000 elapsed=00:00:07 loss=0.0000 exact=1.0000
validate epoch 1/3 [##########--------------]  41.0% 2048/5000 elapsed=00:00:07 loss=0.0000 exact=1.0000
validate epoch 1/3 [##########--------------]  42.2% 2112/5000 elapsed=00:00:07 loss=0.0000 exact=1.0000
validate epoch 1/3 [##########--------------]  43.5% 2176/5000 elapsed=00:00:08 loss=0.0000 exact=1.0000
validate epoch 1/3 [###########-------------]  44.8% 2240/5000 elapsed=00:00:08 loss=0.0000 exact=1.0000
validate epoch 1/3 [###########-------------]  46.1% 2304/5000 elapsed=00:00:08 loss=0.0000 exact=1.0000
validate epoch 1/3 [###########-------------]  47.4% 2368/5000 elapsed=00:00:08 loss=0.0000 exact=1.0000
validate epoch 1/3 [############------------]  48.6% 2432/5000 elapsed=00:00:09 loss=0.0000 exact=1.0000
validate epoch 1/3 [############------------]  49.9% 2496/5000 elapsed=00:00:09 loss=0.0000 exact=1.0000
validate epoch 1/3 [############------------]  51.2% 2560/5000 elapsed=00:00:09 loss=0.0000 exact=1.0000
validate epoch 1/3 [#############-----------]  52.5% 2624/5000 elapsed=00:00:09 loss=0.0000 exact=1.0000
validate epoch 1/3 [#############-----------]  53.8% 2688/5000 elapsed=00:00:10 loss=0.0000 exact=1.0000
validate epoch 1/3 [#############-----------]  55.0% 2752/5000 elapsed=00:00:10 loss=0.0000 exact=1.0000
validate epoch 1/3 [##############----------]  56.3% 2816/5000 elapsed=00:00:10 loss=0.0000 exact=1.0000
validate epoch 1/3 [##############----------]  57.6% 2880/5000 elapsed=00:00:10 loss=0.0000 exact=1.0000
validate epoch 1/3 [##############----------]  58.9% 2944/5000 elapsed=00:00:11 loss=0.0000 exact=1.0000
validate epoch 1/3 [##############----------]  60.2% 3008/5000 elapsed=00:00:11 loss=0.0000 exact=1.0000
validate epoch 1/3 [###############---------]  61.4% 3072/5000 elapsed=00:00:11 loss=0.0000 exact=1.0000
validate epoch 1/3 [###############---------]  62.7% 3136/5000 elapsed=00:00:11 loss=0.0000 exact=1.0000
validate epoch 1/3 [###############---------]  64.0% 3200/5000 elapsed=00:00:12 loss=0.0000 exact=1.0000
validate epoch 1/3 [################--------]  65.3% 3264/5000 elapsed=00:00:12 loss=0.0000 exact=1.0000
validate epoch 1/3 [################--------]  66.6% 3328/5000 elapsed=00:00:12 loss=0.0000 exact=1.0000
validate epoch 1/3 [################--------]  67.8% 3392/5000 elapsed=00:00:12 loss=0.0000 exact=1.0000
validate epoch 1/3 [#################-------]  69.1% 3456/5000 elapsed=00:00:12 loss=0.0000 exact=1.0000
validate epoch 1/3 [#################-------]  70.4% 3520/5000 elapsed=00:00:13 loss=0.0000 exact=1.0000
validate epoch 1/3 [#################-------]  71.7% 3584/5000 elapsed=00:00:13 loss=0.0000 exact=1.0000
validate epoch 1/3 [##################------]  73.0% 3648/5000 elapsed=00:00:13 loss=0.0000 exact=1.0000
validate epoch 1/3 [##################------]  74.2% 3712/5000 elapsed=00:00:13 loss=0.0000 exact=1.0000
validate epoch 1/3 [##################------]  75.5% 3776/5000 elapsed=00:00:14 loss=0.0000 exact=1.0000
validate epoch 1/3 [##################------]  76.8% 3840/5000 elapsed=00:00:14 loss=0.0000 exact=1.0000
validate epoch 1/3 [###################-----]  78.1% 3904/5000 elapsed=00:00:14 loss=0.0000 exact=1.0000
validate epoch 1/3 [###################-----]  79.4% 3968/5000 elapsed=00:00:14 loss=0.0000 exact=1.0000
validate epoch 1/3 [###################-----]  80.6% 4032/5000 elapsed=00:00:15 loss=0.0000 exact=1.0000
validate epoch 1/3 [####################----]  81.9% 4096/5000 elapsed=00:00:15 loss=0.0000 exact=1.0000
validate epoch 1/3 [####################----]  83.2% 4160/5000 elapsed=00:00:15 loss=0.0000 exact=1.0000
validate epoch 1/3 [####################----]  84.5% 4224/5000 elapsed=00:00:15 loss=0.0000 exact=1.0000
validate epoch 1/3 [#####################---]  85.8% 4288/5000 elapsed=00:00:16 loss=0.0000 exact=1.0000
validate epoch 1/3 [#####################---]  87.0% 4352/5000 elapsed=00:00:16 loss=0.0000 exact=1.0000
validate epoch 1/3 [#####################---]  88.3% 4416/5000 elapsed=00:00:16 loss=0.0000 exact=1.0000
validate epoch 1/3 [######################--]  89.6% 4480/5000 elapsed=00:00:16 loss=0.0000 exact=1.0000
validate epoch 1/3 [######################--]  90.9% 4544/5000 elapsed=00:00:17 loss=0.0000 exact=1.0000
validate epoch 1/3 [######################--]  92.2% 4608/5000 elapsed=00:00:17 loss=0.0000 exact=1.0000
validate epoch 1/3 [######################--]  93.4% 4672/5000 elapsed=00:00:17 loss=0.0000 exact=1.0000
validate epoch 1/3 [#######################-]  94.7% 4736/5000 elapsed=00:00:17 loss=0.0000 exact=1.0000
validate epoch 1/3 [#######################-]  96.0% 4800/5000 elapsed=00:00:18 loss=0.0000 exact=1.0000
validate epoch 1/3 [#######################-]  97.3% 4864/5000 elapsed=00:00:18 loss=0.0000 exact=1.0000
validate epoch 1/3 [########################]  98.6% 4928/5000 elapsed=00:00:18 loss=0.0000 exact=1.0000
validate epoch 1/3 [########################]  99.8% 4992/5000 elapsed=00:00:18 loss=0.0000 exact=1.0000
validate epoch 1/3 [########################] 100.0% 5000/5000 elapsed=00:00:18 loss=0.0000 exact=1.0000
train epoch 2/3 [------------------------]   0.0% 0/6250 elapsed=00:00:00
train epoch 2/3 [------------------------]   1.0% 62/6250 elapsed=00:00:20 loss=0.0001 token=0.0000 gap=0.0000 rule=0.0001 lr=0.0001
train epoch 2/3 [------------------------]   2.0% 124/6250 elapsed=00:00:39 loss=0.0001 token=0.0000 gap=0.0000 rule=0.0001 lr=0.0001
train epoch 2/3 [#-----------------------]   3.0% 186/6250 elapsed=00:00:59 loss=0.0001 token=0.0000 gap=0.0000 rule=0.0001 lr=0.0001
train epoch 2/3 [#-----------------------]   4.0% 248/6250 elapsed=00:01:19 loss=0.0001 token=0.0000 gap=0.0000 rule=0.0001 lr=0.0001
train epoch 2/3 [#-----------------------]   5.0% 310/6250 elapsed=00:01:39 loss=0.0001 token=0.0000 gap=0.0000 rule=0.0001 lr=0.0001
train epoch 2/3 [#-----------------------]   6.0% 372/6250 elapsed=00:01:59 loss=0.0004 token=0.0001 gap=0.0001 rule=0.0005 lr=0.0001
train epoch 2/3 [##----------------------]   6.9% 434/6250 elapsed=00:02:19 loss=0.0004 token=0.0001 gap=0.0001 rule=0.0006 lr=0.0001
train epoch 2/3 [##----------------------]   7.9% 496/6250 elapsed=00:02:39 loss=0.0004 token=0.0001 gap=0.0001 rule=0.0007 lr=0.0001
train epoch 2/3 [##----------------------]   8.9% 558/6250 elapsed=00:02:59 loss=0.0004 token=0.0001 gap=0.0001 rule=0.0007 lr=0.0001
train epoch 2/3 [##----------------------]   9.9% 620/6250 elapsed=00:03:19 loss=0.0004 token=0.0001 gap=0.0001 rule=0.0008 lr=0.0001
train epoch 2/3 [###---------------------]  10.9% 682/6250 elapsed=00:03:39 loss=0.0005 token=0.0001 gap=0.0001 rule=0.0009 lr=0.0001
train epoch 2/3 [###---------------------]  11.9% 744/6250 elapsed=00:03:59 loss=0.0005 token=0.0001 gap=0.0001 rule=0.0009 lr=0.0001
train epoch 2/3 [###---------------------]  12.9% 806/6250 elapsed=00:04:19 loss=0.0004 token=0.0001 gap=0.0001 rule=0.0008 lr=0.0001
train epoch 2/3 [###---------------------]  13.9% 868/6250 elapsed=00:04:39 loss=0.0005 token=0.0001 gap=0.0001 rule=0.0009 lr=0.0001
train epoch 2/3 [####--------------------]  14.9% 930/6250 elapsed=00:04:59 loss=0.0004 token=0.0001 gap=0.0001 rule=0.0008 lr=0.0001
train epoch 2/3 [####--------------------]  15.9% 992/6250 elapsed=00:05:19 loss=0.0004 token=0.0001 gap=0.0001 rule=0.0008 lr=0.0001
train epoch 2/3 [####--------------------]  16.9% 1054/6250 elapsed=00:05:39 loss=0.0004 token=0.0001 gap=0.0001 rule=0.0007 lr=0.0001
train epoch 2/3 [####--------------------]  17.9% 1116/6250 elapsed=00:05:59 loss=0.0004 token=0.0001 gap=0.0001 rule=0.0007 lr=0.0001
train epoch 2/3 [#####-------------------]  18.8% 1178/6250 elapsed=00:06:19 loss=0.0004 token=0.0001 gap=0.0001 rule=0.0007 lr=0.0001
train epoch 2/3 [#####-------------------]  19.8% 1240/6250 elapsed=00:06:39 loss=0.0004 token=0.0001 gap=0.0001 rule=0.0007 lr=0.0001
train epoch 2/3 [#####-------------------]  20.8% 1302/6250 elapsed=00:06:59 loss=0.0004 token=0.0001 gap=0.0001 rule=0.0007 lr=0.0001
train epoch 2/3 [#####-------------------]  21.8% 1364/6250 elapsed=00:07:19 loss=0.0003 token=0.0001 gap=0.0001 rule=0.0007 lr=0.0001
train epoch 2/3 [#####-------------------]  22.8% 1426/6250 elapsed=00:07:39 loss=0.0004 token=0.0001 gap=0.0001 rule=0.0006 lr=0.0001
train epoch 2/3 [######------------------]  23.8% 1488/6250 elapsed=00:07:59 loss=0.0004 token=0.0001 gap=0.0001 rule=0.0006 lr=0.0001
train epoch 2/3 [######------------------]  24.8% 1550/6250 elapsed=00:08:19 loss=0.0003 token=0.0001 gap=0.0001 rule=0.0006 lr=0.0001
train epoch 2/3 [######------------------]  25.8% 1612/6250 elapsed=00:08:39 loss=0.0003 token=0.0001 gap=0.0001 rule=0.0006 lr=0.0001
train epoch 2/3 [######------------------]  26.8% 1674/6250 elapsed=00:08:59 loss=0.0003 token=0.0001 gap=0.0001 rule=0.0006 lr=0.0001
train epoch 2/3 [#######-----------------]  27.8% 1736/6250 elapsed=00:09:19 loss=0.0003 token=0.0001 gap=0.0001 rule=0.0005 lr=0.0001
train epoch 2/3 [#######-----------------]  28.8% 1798/6250 elapsed=00:09:39 loss=0.0003 token=0.0001 gap=0.0001 rule=0.0005 lr=0.0001
train epoch 2/3 [#######-----------------]  29.8% 1860/6250 elapsed=00:09:59 loss=0.0003 token=0.0001 gap=0.0001 rule=0.0005 lr=0.0001
train epoch 2/3 [#######-----------------]  30.8% 1922/6250 elapsed=00:10:19 loss=0.0004 token=0.0001 gap=0.0001 rule=0.0006 lr=0.0001
train epoch 2/3 [########----------------]  31.7% 1984/6250 elapsed=00:10:39 loss=0.0004 token=0.0001 gap=0.0001 rule=0.0006 lr=0.0001
train epoch 2/3 [########----------------]  32.7% 2046/6250 elapsed=00:10:59 loss=0.0004 token=0.0001 gap=0.0001 rule=0.0007 lr=0.0001
train epoch 2/3 [########----------------]  33.7% 2108/6250 elapsed=00:11:19 loss=0.0004 token=0.0001 gap=0.0001 rule=0.0007 lr=0.0001
train epoch 2/3 [########----------------]  34.7% 2170/6250 elapsed=00:11:39 loss=0.0004 token=0.0001 gap=0.0001 rule=0.0007 lr=0.0001
train epoch 2/3 [#########---------------]  35.7% 2232/6250 elapsed=00:11:59 loss=0.0004 token=0.0001 gap=0.0001 rule=0.0007 lr=0.0001
train epoch 2/3 [#########---------------]  36.7% 2294/6250 elapsed=00:12:19 loss=0.0004 token=0.0001 gap=0.0001 rule=0.0007 lr=0.0001
train epoch 2/3 [#########---------------]  37.7% 2356/6250 elapsed=00:12:39 loss=0.0004 token=0.0001 gap=0.0001 rule=0.0007 lr=0.0001
train epoch 2/3 [#########---------------]  38.7% 2418/6250 elapsed=00:12:59 loss=0.0004 token=0.0001 gap=0.0001 rule=0.0007 lr=0.0001
train epoch 2/3 [##########--------------]  39.7% 2480/6250 elapsed=00:13:19 loss=0.0004 token=0.0001 gap=0.0001 rule=0.0007 lr=0.0001
train epoch 2/3 [##########--------------]  40.7% 2542/6250 elapsed=00:13:39 loss=0.0004 token=0.0001 gap=0.0001 rule=0.0007 lr=0.0001
train epoch 2/3 [##########--------------]  41.7% 2604/6250 elapsed=00:13:59 loss=0.0004 token=0.0001 gap=0.0001 rule=0.0007 lr=0.0001
train epoch 2/3 [##########--------------]  42.7% 2666/6250 elapsed=00:14:19 loss=0.0004 token=0.0001 gap=0.0001 rule=0.0007 lr=0.0001
train epoch 2/3 [##########--------------]  43.6% 2728/6250 elapsed=00:14:39 loss=0.0004 token=0.0001 gap=0.0001 rule=0.0007 lr=0.0001
train epoch 2/3 [###########-------------]  44.6% 2790/6250 elapsed=00:14:59 loss=0.0004 token=0.0001 gap=0.0001 rule=0.0007 lr=0.0001
train epoch 2/3 [###########-------------]  45.6% 2852/6250 elapsed=00:15:19 loss=0.0004 token=0.0001 gap=0.0001 rule=0.0007 lr=0.0001
train epoch 2/3 [###########-------------]  46.6% 2914/6250 elapsed=00:15:39 loss=0.0003 token=0.0001 gap=0.0001 rule=0.0007 lr=0.0001
train epoch 2/3 [###########-------------]  47.6% 2976/6250 elapsed=00:15:59 loss=0.0003 token=0.0001 gap=0.0001 rule=0.0007 lr=0.0001
train epoch 2/3 [############------------]  48.6% 3038/6250 elapsed=00:16:19 loss=0.0003 token=0.0001 gap=0.0001 rule=0.0007 lr=0.0001
train epoch 2/3 [############------------]  49.6% 3100/6250 elapsed=00:16:39 loss=0.0003 token=0.0001 gap=0.0001 rule=0.0006 lr=0.0001
train epoch 2/3 [############------------]  50.6% 3162/6250 elapsed=00:16:59 loss=0.0003 token=0.0001 gap=0.0001 rule=0.0006 lr=0.0001
train epoch 2/3 [############------------]  51.6% 3224/6250 elapsed=00:17:19 loss=0.0003 token=0.0001 gap=0.0001 rule=0.0006 lr=0.0001
train epoch 2/3 [#############-----------]  52.6% 3286/6250 elapsed=00:17:39 loss=0.0003 token=0.0001 gap=0.0001 rule=0.0006 lr=0.0001
train epoch 2/3 [#############-----------]  53.6% 3348/6250 elapsed=00:17:59 loss=0.0003 token=0.0001 gap=0.0001 rule=0.0006 lr=0.0001
train epoch 2/3 [#############-----------]  54.6% 3410/6250 elapsed=00:18:19 loss=0.0003 token=0.0001 gap=0.0001 rule=0.0006 lr=0.0001
train epoch 2/3 [#############-----------]  55.6% 3472/6250 elapsed=00:18:39 loss=0.0003 token=0.0001 gap=0.0001 rule=0.0006 lr=0.0001
train epoch 2/3 [##############----------]  56.5% 3534/6250 elapsed=00:18:59 loss=0.0003 token=0.0001 gap=0.0001 rule=0.0006 lr=0.0001
train epoch 2/3 [##############----------]  57.5% 3596/6250 elapsed=00:19:19 loss=0.0003 token=0.0001 gap=0.0001 rule=0.0006 lr=0.0001
train epoch 2/3 [##############----------]  58.5% 3658/6250 elapsed=00:19:39 loss=0.0003 token=0.0001 gap=0.0001 rule=0.0006 lr=0.0001
train epoch 2/3 [##############----------]  59.5% 3720/6250 elapsed=00:19:59 loss=0.0003 token=0.0001 gap=0.0001 rule=0.0006 lr=0.0001
train epoch 2/3 [###############---------]  60.5% 3782/6250 elapsed=00:20:19 loss=0.0003 token=0.0001 gap=0.0001 rule=0.0006 lr=0.0001
train epoch 2/3 [###############---------]  61.5% 3844/6250 elapsed=00:20:39 loss=0.0003 token=0.0001 gap=0.0001 rule=0.0006 lr=0.0001
train epoch 2/3 [###############---------]  62.5% 3906/6250 elapsed=00:20:59 loss=0.0003 token=0.0001 gap=0.0001 rule=0.0006 lr=0.0001
train epoch 2/3 [###############---------]  63.5% 3968/6250 elapsed=00:21:19 loss=0.0003 token=0.0001 gap=0.0001 rule=0.0006 lr=0.0001
train epoch 2/3 [###############---------]  64.5% 4030/6250 elapsed=00:21:39 loss=0.0003 token=0.0001 gap=0.0001 rule=0.0006 lr=0.0001
train epoch 2/3 [################--------]  65.5% 4092/6250 elapsed=00:21:59 loss=0.0003 token=0.0001 gap=0.0001 rule=0.0006 lr=0.0001
train epoch 2/3 [################--------]  66.5% 4154/6250 elapsed=00:22:19 loss=0.0003 token=0.0001 gap=0.0001 rule=0.0006 lr=0.0001
train epoch 2/3 [################--------]  67.5% 4216/6250 elapsed=00:22:39 loss=0.0004 token=0.0001 gap=0.0001 rule=0.0006 lr=0.0001
train epoch 2/3 [################--------]  68.4% 4278/6250 elapsed=00:22:59 loss=0.0005 token=0.0001 gap=0.0001 rule=0.0007 lr=0.0001
train epoch 2/3 [#################-------]  69.4% 4340/6250 elapsed=00:23:18 loss=0.0005 token=0.0001 gap=0.0001 rule=0.0007 lr=0.0001
train epoch 2/3 [#################-------]  70.4% 4402/6250 elapsed=00:23:38 loss=0.0005 token=0.0001 gap=0.0001 rule=0.0007 lr=0.0001
train epoch 2/3 [#################-------]  71.4% 4464/6250 elapsed=00:23:58 loss=0.0005 token=0.0001 gap=0.0001 rule=0.0007 lr=0.0001
train epoch 2/3 [#################-------]  72.4% 4526/6250 elapsed=00:24:18 loss=0.0005 token=0.0001 gap=0.0001 rule=0.0007 lr=0.0001
train epoch 2/3 [##################------]  73.4% 4588/6250 elapsed=00:24:38 loss=0.0005 token=0.0001 gap=0.0001 rule=0.0007 lr=0.0001
train epoch 2/3 [##################------]  74.4% 4650/6250 elapsed=00:24:58 loss=0.0005 token=0.0001 gap=0.0001 rule=0.0007 lr=0.0001
train epoch 2/3 [##################------]  75.4% 4712/6250 elapsed=00:25:18 loss=0.0005 token=0.0001 gap=0.0001 rule=0.0007 lr=0.0001
train epoch 2/3 [##################------]  76.4% 4774/6250 elapsed=00:25:38 loss=0.0005 token=0.0001 gap=0.0001 rule=0.0007 lr=0.0001
train epoch 2/3 [###################-----]  77.4% 4836/6250 elapsed=00:25:58 loss=0.0005 token=0.0001 gap=0.0001 rule=0.0007 lr=0.0001
train epoch 2/3 [###################-----]  78.4% 4898/6250 elapsed=00:26:18 loss=0.0005 token=0.0001 gap=0.0001 rule=0.0007 lr=0.0001
train epoch 2/3 [###################-----]  79.4% 4960/6250 elapsed=00:26:38 loss=0.0005 token=0.0001 gap=0.0001 rule=0.0007 lr=0.0001
train epoch 2/3 [###################-----]  80.4% 5022/6250 elapsed=00:26:58 loss=0.0005 token=0.0001 gap=0.0001 rule=0.0007 lr=0.0001
train epoch 2/3 [####################----]  81.3% 5084/6250 elapsed=00:27:18 loss=0.0005 token=0.0001 gap=0.0001 rule=0.0006 lr=0.0001
train epoch 2/3 [####################----]  82.3% 5146/6250 elapsed=00:27:38 loss=0.0004 token=0.0001 gap=0.0001 rule=0.0006 lr=0.0001
train epoch 2/3 [####################----]  83.3% 5208/6250 elapsed=00:27:58 loss=0.0004 token=0.0001 gap=0.0001 rule=0.0006 lr=0.0001
train epoch 2/3 [####################----]  84.3% 5270/6250 elapsed=00:28:18 loss=0.0004 token=0.0001 gap=0.0001 rule=0.0006 lr=0.0001
train epoch 2/3 [####################----]  85.3% 5332/6250 elapsed=00:28:38 loss=0.0004 token=0.0001 gap=0.0001 rule=0.0006 lr=0.0001
train epoch 2/3 [#####################---]  86.3% 5394/6250 elapsed=00:28:58 loss=0.0004 token=0.0001 gap=0.0001 rule=0.0006 lr=0.0001
train epoch 2/3 [#####################---]  87.3% 5456/6250 elapsed=00:29:18 loss=0.0004 token=0.0001 gap=0.0001 rule=0.0006 lr=0.0001
train epoch 2/3 [#####################---]  88.3% 5518/6250 elapsed=00:29:38 loss=0.0004 token=0.0001 gap=0.0001 rule=0.0006 lr=0.0001
train epoch 2/3 [#####################---]  89.3% 5580/6250 elapsed=00:29:58 loss=0.0004 token=0.0001 gap=0.0001 rule=0.0006 lr=0.0001
train epoch 2/3 [######################--]  90.3% 5642/6250 elapsed=00:30:18 loss=0.0004 token=0.0001 gap=0.0001 rule=0.0006 lr=0.0001
train epoch 2/3 [######################--]  91.3% 5704/6250 elapsed=00:30:38 loss=0.0004 token=0.0001 gap=0.0001 rule=0.0006 lr=0.0001
train epoch 2/3 [######################--]  92.3% 5766/6250 elapsed=00:30:58 loss=0.0004 token=0.0001 gap=0.0001 rule=0.0006 lr=0.0001
train epoch 2/3 [######################--]  93.2% 5828/6250 elapsed=00:31:18 loss=0.0004 token=0.0001 gap=0.0001 rule=0.0006 lr=0.0001
train epoch 2/3 [#######################-]  94.2% 5890/6250 elapsed=00:31:38 loss=0.0004 token=0.0001 gap=0.0001 rule=0.0006 lr=0.0001
train epoch 2/3 [#######################-]  95.2% 5952/6250 elapsed=00:31:58 loss=0.0004 token=0.0001 gap=0.0001 rule=0.0006 lr=0.0001
train epoch 2/3 [#######################-]  96.2% 6014/6250 elapsed=00:32:18 loss=0.0004 token=0.0001 gap=0.0001 rule=0.0006 lr=0.0001
train epoch 2/3 [#######################-]  97.2% 6076/6250 elapsed=00:32:38 loss=0.0004 token=0.0001 gap=0.0001 rule=0.0006 lr=0.0001
train epoch 2/3 [########################]  98.2% 6138/6250 elapsed=00:32:58 loss=0.0004 token=0.0001 gap=0.0001 rule=0.0006 lr=0.0001
train epoch 2/3 [########################]  99.2% 6200/6250 elapsed=00:33:18 loss=0.0004 token=0.0001 gap=0.0001 rule=0.0006 lr=0.0001
train epoch 2/3 [########################] 100.0% 6250/6250 elapsed=00:33:34 loss=0.0004 token=0.0001 gap=0.0001 rule=0.0006 lr=0.0001
validate epoch 2/3 [------------------------]   0.0% 0/5000 elapsed=00:00:00
validate epoch 2/3 [------------------------]   1.3% 64/5000 elapsed=00:00:00 loss=0.0000 exact=1.0000
validate epoch 2/3 [#-----------------------]   2.6% 128/5000 elapsed=00:00:00 loss=0.0000 exact=1.0000
validate epoch 2/3 [#-----------------------]   3.8% 192/5000 elapsed=00:00:00 loss=0.0000 exact=1.0000
validate epoch 2/3 [#-----------------------]   5.1% 256/5000 elapsed=00:00:00 loss=0.0000 exact=1.0000
validate epoch 2/3 [##----------------------]   6.4% 320/5000 elapsed=00:00:01 loss=0.0000 exact=1.0000
validate epoch 2/3 [##----------------------]   7.7% 384/5000 elapsed=00:00:01 loss=0.0000 exact=1.0000
validate epoch 2/3 [##----------------------]   9.0% 448/5000 elapsed=00:00:01 loss=0.0000 exact=1.0000
validate epoch 2/3 [##----------------------]  10.2% 512/5000 elapsed=00:00:01 loss=0.0000 exact=1.0000
validate epoch 2/3 [###---------------------]  11.5% 576/5000 elapsed=00:00:02 loss=0.0000 exact=1.0000
validate epoch 2/3 [###---------------------]  12.8% 640/5000 elapsed=00:00:02 loss=0.0000 exact=1.0000
validate epoch 2/3 [###---------------------]  14.1% 704/5000 elapsed=00:00:02 loss=0.0000 exact=1.0000
validate epoch 2/3 [####--------------------]  15.4% 768/5000 elapsed=00:00:02 loss=0.0000 exact=1.0000
validate epoch 2/3 [####--------------------]  16.6% 832/5000 elapsed=00:00:03 loss=0.0000 exact=1.0000
validate epoch 2/3 [####--------------------]  17.9% 896/5000 elapsed=00:00:03 loss=0.0000 exact=1.0000
validate epoch 2/3 [#####-------------------]  19.2% 960/5000 elapsed=00:00:03 loss=0.0000 exact=1.0000
validate epoch 2/3 [#####-------------------]  20.5% 1024/5000 elapsed=00:00:03 loss=0.0000 exact=1.0000
validate epoch 2/3 [#####-------------------]  21.8% 1088/5000 elapsed=00:00:04 loss=0.0000 exact=1.0000
validate epoch 2/3 [######------------------]  23.0% 1152/5000 elapsed=00:00:04 loss=0.0000 exact=1.0000
validate epoch 2/3 [######------------------]  24.3% 1216/5000 elapsed=00:00:04 loss=0.0000 exact=1.0000
validate epoch 2/3 [######------------------]  25.6% 1280/5000 elapsed=00:00:04 loss=0.0000 exact=1.0000
validate epoch 2/3 [######------------------]  26.9% 1344/5000 elapsed=00:00:05 loss=0.0000 exact=1.0000
validate epoch 2/3 [#######-----------------]  28.2% 1408/5000 elapsed=00:00:05 loss=0.0000 exact=1.0000
validate epoch 2/3 [#######-----------------]  29.4% 1472/5000 elapsed=00:00:05 loss=0.0000 exact=1.0000
validate epoch 2/3 [#######-----------------]  30.7% 1536/5000 elapsed=00:00:05 loss=0.0000 exact=1.0000
validate epoch 2/3 [########----------------]  32.0% 1600/5000 elapsed=00:00:05 loss=0.0000 exact=1.0000
validate epoch 2/3 [########----------------]  33.3% 1664/5000 elapsed=00:00:06 loss=0.0000 exact=1.0000
validate epoch 2/3 [########----------------]  34.6% 1728/5000 elapsed=00:00:06 loss=0.0000 exact=1.0000
validate epoch 2/3 [#########---------------]  35.8% 1792/5000 elapsed=00:00:06 loss=0.0000 exact=1.0000
validate epoch 2/3 [#########---------------]  37.1% 1856/5000 elapsed=00:00:06 loss=0.0000 exact=1.0000
validate epoch 2/3 [#########---------------]  38.4% 1920/5000 elapsed=00:00:07 loss=0.0000 exact=1.0000
validate epoch 2/3 [##########--------------]  39.7% 1984/5000 elapsed=00:00:07 loss=0.0000 exact=1.0000
validate epoch 2/3 [##########--------------]  41.0% 2048/5000 elapsed=00:00:07 loss=0.0000 exact=1.0000
validate epoch 2/3 [##########--------------]  42.2% 2112/5000 elapsed=00:00:07 loss=0.0000 exact=1.0000
validate epoch 2/3 [##########--------------]  43.5% 2176/5000 elapsed=00:00:08 loss=0.0000 exact=1.0000
validate epoch 2/3 [###########-------------]  44.8% 2240/5000 elapsed=00:00:08 loss=0.0000 exact=1.0000
validate epoch 2/3 [###########-------------]  46.1% 2304/5000 elapsed=00:00:08 loss=0.0000 exact=1.0000
validate epoch 2/3 [###########-------------]  47.4% 2368/5000 elapsed=00:00:08 loss=0.0000 exact=1.0000
validate epoch 2/3 [############------------]  48.6% 2432/5000 elapsed=00:00:09 loss=0.0000 exact=1.0000
validate epoch 2/3 [############------------]  49.9% 2496/5000 elapsed=00:00:09 loss=0.0000 exact=1.0000
validate epoch 2/3 [############------------]  51.2% 2560/5000 elapsed=00:00:09 loss=0.0000 exact=1.0000
validate epoch 2/3 [#############-----------]  52.5% 2624/5000 elapsed=00:00:09 loss=0.0000 exact=1.0000
validate epoch 2/3 [#############-----------]  53.8% 2688/5000 elapsed=00:00:10 loss=0.0000 exact=1.0000
validate epoch 2/3 [#############-----------]  55.0% 2752/5000 elapsed=00:00:10 loss=0.0000 exact=1.0000
validate epoch 2/3 [##############----------]  56.3% 2816/5000 elapsed=00:00:10 loss=0.0000 exact=1.0000
validate epoch 2/3 [##############----------]  57.6% 2880/5000 elapsed=00:00:10 loss=0.0000 exact=1.0000
validate epoch 2/3 [##############----------]  58.9% 2944/5000 elapsed=00:00:11 loss=0.0000 exact=1.0000
validate epoch 2/3 [##############----------]  60.2% 3008/5000 elapsed=00:00:11 loss=0.0000 exact=1.0000
validate epoch 2/3 [###############---------]  61.4% 3072/5000 elapsed=00:00:11 loss=0.0000 exact=1.0000
validate epoch 2/3 [###############---------]  62.7% 3136/5000 elapsed=00:00:11 loss=0.0000 exact=1.0000
validate epoch 2/3 [###############---------]  64.0% 3200/5000 elapsed=00:00:12 loss=0.0000 exact=1.0000
validate epoch 2/3 [################--------]  65.3% 3264/5000 elapsed=00:00:12 loss=0.0000 exact=1.0000
validate epoch 2/3 [################--------]  66.6% 3328/5000 elapsed=00:00:12 loss=0.0000 exact=1.0000
validate epoch 2/3 [################--------]  67.8% 3392/5000 elapsed=00:00:12 loss=0.0000 exact=1.0000
validate epoch 2/3 [#################-------]  69.1% 3456/5000 elapsed=00:00:13 loss=0.0000 exact=1.0000
validate epoch 2/3 [#################-------]  70.4% 3520/5000 elapsed=00:00:13 loss=0.0000 exact=1.0000
validate epoch 2/3 [#################-------]  71.7% 3584/5000 elapsed=00:00:13 loss=0.0000 exact=1.0000
validate epoch 2/3 [##################------]  73.0% 3648/5000 elapsed=00:00:13 loss=0.0000 exact=1.0000
validate epoch 2/3 [##################------]  74.2% 3712/5000 elapsed=00:00:13 loss=0.0000 exact=1.0000
validate epoch 2/3 [##################------]  75.5% 3776/5000 elapsed=00:00:14 loss=0.0000 exact=1.0000
validate epoch 2/3 [##################------]  76.8% 3840/5000 elapsed=00:00:14 loss=0.0000 exact=1.0000
validate epoch 2/3 [###################-----]  78.1% 3904/5000 elapsed=00:00:14 loss=0.0000 exact=1.0000
validate epoch 2/3 [###################-----]  79.4% 3968/5000 elapsed=00:00:14 loss=0.0000 exact=1.0000
validate epoch 2/3 [###################-----]  80.6% 4032/5000 elapsed=00:00:15 loss=0.0000 exact=1.0000
validate epoch 2/3 [####################----]  81.9% 4096/5000 elapsed=00:00:15 loss=0.0000 exact=1.0000
validate epoch 2/3 [####################----]  83.2% 4160/5000 elapsed=00:00:15 loss=0.0000 exact=1.0000
validate epoch 2/3 [####################----]  84.5% 4224/5000 elapsed=00:00:15 loss=0.0001 exact=0.9998
validate epoch 2/3 [#####################---]  85.8% 4288/5000 elapsed=00:00:16 loss=0.0001 exact=0.9998
validate epoch 2/3 [#####################---]  87.0% 4352/5000 elapsed=00:00:16 loss=0.0001 exact=0.9998
validate epoch 2/3 [#####################---]  88.3% 4416/5000 elapsed=00:00:16 loss=0.0001 exact=0.9998
validate epoch 2/3 [######################--]  89.6% 4480/5000 elapsed=00:00:16 loss=0.0001 exact=0.9998
validate epoch 2/3 [######################--]  90.9% 4544/5000 elapsed=00:00:17 loss=0.0001 exact=0.9998
validate epoch 2/3 [######################--]  92.2% 4608/5000 elapsed=00:00:17 loss=0.0001 exact=0.9998
validate epoch 2/3 [######################--]  93.4% 4672/5000 elapsed=00:00:17 loss=0.0001 exact=0.9998
validate epoch 2/3 [#######################-]  94.7% 4736/5000 elapsed=00:00:17 loss=0.0001 exact=0.9998
validate epoch 2/3 [#######################-]  96.0% 4800/5000 elapsed=00:00:18 loss=0.0001 exact=0.9998
validate epoch 2/3 [#######################-]  97.3% 4864/5000 elapsed=00:00:18 loss=0.0001 exact=0.9998
validate epoch 2/3 [########################]  98.6% 4928/5000 elapsed=00:00:18 loss=0.0001 exact=0.9998
validate epoch 2/3 [########################]  99.8% 4992/5000 elapsed=00:00:18 loss=0.0001 exact=0.9998
validate epoch 2/3 [########################] 100.0% 5000/5000 elapsed=00:00:18 loss=0.0001 exact=0.9998
train epoch 3/3 [------------------------]   0.0% 0/6250 elapsed=00:00:00
train epoch 3/3 [------------------------]   1.0% 62/6250 elapsed=00:00:20 loss=0.0000 token=0.0000 gap=0.0000 rule=0.0001 lr=0.0001
train epoch 3/3 [------------------------]   2.0% 124/6250 elapsed=00:00:40 loss=0.0000 token=0.0000 gap=0.0000 rule=0.0000 lr=0.0001
train epoch 3/3 [#-----------------------]   3.0% 186/6250 elapsed=00:01:00 loss=0.0000 token=0.0000 gap=0.0000 rule=0.0000 lr=0.0001
train epoch 3/3 [#-----------------------]   4.0% 248/6250 elapsed=00:01:20 loss=0.0000 token=0.0000 gap=0.0000 rule=0.0001 lr=0.0001
train epoch 3/3 [#-----------------------]   5.0% 310/6250 elapsed=00:01:40 loss=0.0000 token=0.0000 gap=0.0000 rule=0.0001 lr=0.0001
train epoch 3/3 [#-----------------------]   6.0% 372/6250 elapsed=00:02:00 loss=0.0000 token=0.0000 gap=0.0000 rule=0.0000 lr=0.0001
train epoch 3/3 [##----------------------]   6.9% 434/6250 elapsed=00:02:20 loss=0.0000 token=0.0000 gap=0.0000 rule=0.0000 lr=0.0001
train epoch 3/3 [##----------------------]   7.9% 496/6250 elapsed=00:02:40 loss=0.0000 token=0.0000 gap=0.0000 rule=0.0000 lr=0.0001
train epoch 3/3 [##----------------------]   8.9% 558/6250 elapsed=00:03:00 loss=0.0000 token=0.0000 gap=0.0000 rule=0.0000 lr=0.0001
train epoch 3/3 [##----------------------]   9.9% 620/6250 elapsed=00:03:20 loss=0.0000 token=0.0000 gap=0.0000 rule=0.0000 lr=0.0001
train epoch 3/3 [###---------------------]  10.9% 682/6250 elapsed=00:03:40 loss=0.0000 token=0.0000 gap=0.0000 rule=0.0000 lr=0.0001
train epoch 3/3 [###---------------------]  11.9% 744/6250 elapsed=00:04:00 loss=0.0000 token=0.0000 gap=0.0000 rule=0.0000 lr=0.0001
train epoch 3/3 [###---------------------]  12.9% 806/6250 elapsed=00:04:19 loss=0.0000 token=0.0000 gap=0.0000 rule=0.0000 lr=0.0001
train epoch 3/3 [###---------------------]  13.9% 868/6250 elapsed=00:04:39 loss=0.0000 token=0.0000 gap=0.0000 rule=0.0000 lr=0.0001
train epoch 3/3 [####--------------------]  14.9% 930/6250 elapsed=00:04:59 loss=0.0000 token=0.0000 gap=0.0000 rule=0.0000 lr=0.0001
train epoch 3/3 [####--------------------]  15.9% 992/6250 elapsed=00:05:20 loss=0.0000 token=0.0000 gap=0.0000 rule=0.0000 lr=0.0001
train epoch 3/3 [####--------------------]  16.9% 1054/6250 elapsed=00:05:40 loss=0.0000 token=0.0000 gap=0.0000 rule=0.0000 lr=0.0001
train epoch 3/3 [####--------------------]  17.9% 1116/6250 elapsed=00:06:00 loss=0.0000 token=0.0000 gap=0.0000 rule=0.0000 lr=0.0001
train epoch 3/3 [#####-------------------]  18.8% 1178/6250 elapsed=00:06:20 loss=0.0000 token=0.0000 gap=0.0000 rule=0.0000 lr=0.0001
train epoch 3/3 [#####-------------------]  19.8% 1240/6250 elapsed=00:06:40 loss=0.0000 token=0.0000 gap=0.0000 rule=0.0000 lr=0.0001
train epoch 3/3 [#####-------------------]  20.8% 1302/6250 elapsed=00:07:00 loss=0.0000 token=0.0000 gap=0.0000 rule=0.0000 lr=0.0001
train epoch 3/3 [#####-------------------]  21.8% 1364/6250 elapsed=00:07:20 loss=0.0000 token=0.0000 gap=0.0000 rule=0.0000 lr=0.0001
train epoch 3/3 [#####-------------------]  22.8% 1426/6250 elapsed=00:07:40 loss=0.0000 token=0.0000 gap=0.0000 rule=0.0000 lr=0.0001
train epoch 3/3 [######------------------]  23.8% 1488/6250 elapsed=00:08:00 loss=0.0000 token=0.0000 gap=0.0000 rule=0.0000 lr=0.0001
train epoch 3/3 [######------------------]  24.8% 1550/6250 elapsed=00:08:20 loss=0.0000 token=0.0000 gap=0.0000 rule=0.0000 lr=0.0001
train epoch 3/3 [######------------------]  25.8% 1612/6250 elapsed=00:08:40 loss=0.0000 token=0.0000 gap=0.0000 rule=0.0000 lr=0.0001
train epoch 3/3 [######------------------]  26.8% 1674/6250 elapsed=00:09:00 loss=0.0000 token=0.0000 gap=0.0000 rule=0.0000 lr=0.0001
train epoch 3/3 [#######-----------------]  27.8% 1736/6250 elapsed=00:09:20 loss=0.0000 token=0.0000 gap=0.0000 rule=0.0000 lr=0.0001
train epoch 3/3 [#######-----------------]  28.8% 1798/6250 elapsed=00:09:40 loss=0.0001 token=0.0000 gap=0.0000 rule=0.0002 lr=0.0001
train epoch 3/3 [#######-----------------]  29.8% 1860/6250 elapsed=00:10:00 loss=0.0001 token=0.0000 gap=0.0000 rule=0.0002 lr=0.0001
train epoch 3/3 [#######-----------------]  30.8% 1922/6250 elapsed=00:10:20 loss=0.0001 token=0.0000 gap=0.0000 rule=0.0003 lr=0.0001
train epoch 3/3 [########----------------]  31.7% 1984/6250 elapsed=00:10:40 loss=0.0002 token=0.0000 gap=0.0000 rule=0.0003 lr=0.0001
train epoch 3/3 [########----------------]  32.7% 2046/6250 elapsed=00:11:00 loss=0.0002 token=0.0000 gap=0.0000 rule=0.0003 lr=0.0001
train epoch 3/3 [########----------------]  33.7% 2108/6250 elapsed=00:11:20 loss=0.0002 token=0.0000 gap=0.0000 rule=0.0003 lr=0.0001
train epoch 3/3 [########----------------]  34.7% 2170/6250 elapsed=00:11:40 loss=0.0001 token=0.0000 gap=0.0000 rule=0.0003 lr=0.0001
train epoch 3/3 [#########---------------]  35.7% 2232/6250 elapsed=00:12:00 loss=0.0001 token=0.0000 gap=0.0000 rule=0.0003 lr=0.0001
train epoch 3/3 [#########---------------]  36.7% 2294/6250 elapsed=00:12:20 loss=0.0001 token=0.0000 gap=0.0000 rule=0.0003 lr=0.0001
train epoch 3/3 [#########---------------]  37.7% 2356/6250 elapsed=00:12:40 loss=0.0001 token=0.0000 gap=0.0000 rule=0.0003 lr=0.0001
train epoch 3/3 [#########---------------]  38.7% 2418/6250 elapsed=00:13:00 loss=0.0001 token=0.0000 gap=0.0000 rule=0.0003 lr=0.0001
train epoch 3/3 [##########--------------]  39.7% 2480/6250 elapsed=00:13:20 loss=0.0001 token=0.0000 gap=0.0000 rule=0.0003 lr=0.0001
train epoch 3/3 [##########--------------]  40.7% 2542/6250 elapsed=00:13:39 loss=0.0001 token=0.0000 gap=0.0000 rule=0.0003 lr=0.0001
train epoch 3/3 [##########--------------]  41.7% 2604/6250 elapsed=00:13:59 loss=0.0001 token=0.0000 gap=0.0000 rule=0.0003 lr=0.0001
train epoch 3/3 [##########--------------]  42.7% 2666/6250 elapsed=00:14:19 loss=0.0001 token=0.0000 gap=0.0000 rule=0.0003 lr=0.0001
train epoch 3/3 [##########--------------]  43.6% 2728/6250 elapsed=00:14:39 loss=0.0001 token=0.0000 gap=0.0000 rule=0.0003 lr=0.0001
train epoch 3/3 [###########-------------]  44.6% 2790/6250 elapsed=00:14:59 loss=0.0001 token=0.0000 gap=0.0000 rule=0.0003 lr=0.0001
train epoch 3/3 [###########-------------]  45.6% 2852/6250 elapsed=00:15:19 loss=0.0001 token=0.0000 gap=0.0000 rule=0.0003 lr=0.0001
train epoch 3/3 [###########-------------]  46.6% 2914/6250 elapsed=00:15:39 loss=0.0001 token=0.0000 gap=0.0000 rule=0.0002 lr=0.0001
train epoch 3/3 [###########-------------]  47.6% 2976/6250 elapsed=00:15:59 loss=0.0001 token=0.0000 gap=0.0000 rule=0.0002 lr=0.0001
train epoch 3/3 [############------------]  48.6% 3038/6250 elapsed=00:16:20 loss=0.0001 token=0.0000 gap=0.0000 rule=0.0002 lr=0.0001
train epoch 3/3 [############------------]  49.6% 3100/6250 elapsed=00:16:40 loss=0.0001 token=0.0000 gap=0.0000 rule=0.0003 lr=0.0001
train epoch 3/3 [############------------]  50.6% 3162/6250 elapsed=00:17:00 loss=0.0001 token=0.0000 gap=0.0000 rule=0.0003 lr=0.0001
train epoch 3/3 [############------------]  51.6% 3224/6250 elapsed=00:17:20 loss=0.0001 token=0.0000 gap=0.0000 rule=0.0003 lr=0.0001
train epoch 3/3 [#############-----------]  52.6% 3286/6250 elapsed=00:17:40 loss=0.0001 token=0.0000 gap=0.0000 rule=0.0003 lr=0.0001
train epoch 3/3 [#############-----------]  53.6% 3348/6250 elapsed=00:18:00 loss=0.0001 token=0.0000 gap=0.0000 rule=0.0003 lr=0.0001
train epoch 3/3 [#############-----------]  54.6% 3410/6250 elapsed=00:18:20 loss=0.0001 token=0.0000 gap=0.0000 rule=0.0003 lr=0.0001
train epoch 3/3 [#############-----------]  55.6% 3472/6250 elapsed=00:18:40 loss=0.0001 token=0.0000 gap=0.0000 rule=0.0003 lr=0.0001
train epoch 3/3 [##############----------]  56.5% 3534/6250 elapsed=00:19:00 loss=0.0001 token=0.0000 gap=0.0000 rule=0.0003 lr=0.0001
train epoch 3/3 [##############----------]  57.5% 3596/6250 elapsed=00:19:19 loss=0.0001 token=0.0000 gap=0.0000 rule=0.0003 lr=0.0001
train epoch 3/3 [##############----------]  58.5% 3658/6250 elapsed=00:19:39 loss=0.0001 token=0.0000 gap=0.0000 rule=0.0003 lr=0.0001
train epoch 3/3 [##############----------]  59.5% 3720/6250 elapsed=00:19:59 loss=0.0001 token=0.0000 gap=0.0000 rule=0.0003 lr=0.0001
train epoch 3/3 [###############---------]  60.5% 3782/6250 elapsed=00:20:19 loss=0.0001 token=0.0000 gap=0.0000 rule=0.0003 lr=0.0001
train epoch 3/3 [###############---------]  61.5% 3844/6250 elapsed=00:20:39 loss=0.0001 token=0.0000 gap=0.0000 rule=0.0003 lr=0.0001
train epoch 3/3 [###############---------]  62.5% 3906/6250 elapsed=00:20:59 loss=0.0001 token=0.0000 gap=0.0000 rule=0.0003 lr=0.0001
train epoch 3/3 [###############---------]  63.5% 3968/6250 elapsed=00:21:19 loss=0.0001 token=0.0000 gap=0.0000 rule=0.0003 lr=0.0001
train epoch 3/3 [###############---------]  64.5% 4030/6250 elapsed=00:21:39 loss=0.0001 token=0.0000 gap=0.0000 rule=0.0003 lr=0.0001
train epoch 3/3 [################--------]  65.5% 4092/6250 elapsed=00:21:59 loss=0.0001 token=0.0000 gap=0.0000 rule=0.0003 lr=0.0001
train epoch 3/3 [################--------]  66.5% 4154/6250 elapsed=00:22:19 loss=0.0001 token=0.0000 gap=0.0000 rule=0.0003 lr=0.0001
train epoch 3/3 [################--------]  67.5% 4216/6250 elapsed=00:22:39 loss=0.0001 token=0.0000 gap=0.0000 rule=0.0003 lr=0.0001
train epoch 3/3 [################--------]  68.4% 4278/6250 elapsed=00:22:59 loss=0.0001 token=0.0000 gap=0.0000 rule=0.0003 lr=0.0001
train epoch 3/3 [#################-------]  69.4% 4340/6250 elapsed=00:23:19 loss=0.0001 token=0.0000 gap=0.0000 rule=0.0003 lr=0.0001
train epoch 3/3 [#################-------]  70.4% 4402/6250 elapsed=00:23:39 loss=0.0001 token=0.0000 gap=0.0000 rule=0.0002 lr=0.0001
train epoch 3/3 [#################-------]  71.4% 4464/6250 elapsed=00:23:59 loss=0.0001 token=0.0000 gap=0.0000 rule=0.0002 lr=0.0001
train epoch 3/3 [#################-------]  72.4% 4526/6250 elapsed=00:24:19 loss=0.0001 token=0.0000 gap=0.0000 rule=0.0002 lr=0.0001
train epoch 3/3 [##################------]  73.4% 4588/6250 elapsed=00:24:39 loss=0.0001 token=0.0000 gap=0.0000 rule=0.0003 lr=0.0001
train epoch 3/3 [##################------]  74.4% 4650/6250 elapsed=00:24:59 loss=0.0001 token=0.0000 gap=0.0000 rule=0.0003 lr=0.0001
train epoch 3/3 [##################------]  75.4% 4712/6250 elapsed=00:25:19 loss=0.0001 token=0.0000 gap=0.0000 rule=0.0003 lr=0.0001
train epoch 3/3 [##################------]  76.4% 4774/6250 elapsed=00:25:39 loss=0.0001 token=0.0000 gap=0.0000 rule=0.0003 lr=0.0001
train epoch 3/3 [###################-----]  77.4% 4836/6250 elapsed=00:25:59 loss=0.0001 token=0.0000 gap=0.0000 rule=0.0002 lr=0.0001
train epoch 3/3 [###################-----]  78.4% 4898/6250 elapsed=00:26:19 loss=0.0001 token=0.0000 gap=0.0000 rule=0.0002 lr=0.0001
train epoch 3/3 [###################-----]  79.4% 4960/6250 elapsed=00:26:39 loss=0.0001 token=0.0000 gap=0.0000 rule=0.0002 lr=0.0001
train epoch 3/3 [###################-----]  80.4% 5022/6250 elapsed=00:26:59 loss=0.0001 token=0.0000 gap=0.0000 rule=0.0002 lr=0.0001
train epoch 3/3 [####################----]  81.3% 5084/6250 elapsed=00:27:19 loss=0.0001 token=0.0000 gap=0.0000 rule=0.0002 lr=0.0001
train epoch 3/3 [####################----]  82.3% 5146/6250 elapsed=00:27:39 loss=0.0001 token=0.0000 gap=0.0000 rule=0.0002 lr=0.0001
train epoch 3/3 [####################----]  83.3% 5208/6250 elapsed=00:27:59 loss=0.0001 token=0.0000 gap=0.0000 rule=0.0002 lr=0.0001
train epoch 3/3 [####################----]  84.3% 5270/6250 elapsed=00:28:20 loss=0.0001 token=0.0000 gap=0.0000 rule=0.0002 lr=0.0001
train epoch 3/3 [####################----]  85.3% 5332/6250 elapsed=00:28:39 loss=0.0001 token=0.0000 gap=0.0000 rule=0.0002 lr=0.0001
train epoch 3/3 [#####################---]  86.3% 5394/6250 elapsed=00:29:00 loss=0.0001 token=0.0000 gap=0.0000 rule=0.0002 lr=0.0001
train epoch 3/3 [#####################---]  87.3% 5456/6250 elapsed=00:29:20 loss=0.0001 token=0.0000 gap=0.0000 rule=0.0002 lr=0.0001
train epoch 3/3 [#####################---]  88.3% 5518/6250 elapsed=00:29:40 loss=0.0001 token=0.0000 gap=0.0000 rule=0.0003 lr=0.0001
train epoch 3/3 [#####################---]  89.3% 5580/6250 elapsed=00:30:00 loss=0.0001 token=0.0000 gap=0.0000 rule=0.0003 lr=0.0001
train epoch 3/3 [######################--]  90.3% 5642/6250 elapsed=00:30:20 loss=0.0001 token=0.0000 gap=0.0000 rule=0.0003 lr=0.0001
train epoch 3/3 [######################--]  91.3% 5704/6250 elapsed=00:30:40 loss=0.0001 token=0.0000 gap=0.0000 rule=0.0003 lr=0.0001
train epoch 3/3 [######################--]  92.3% 5766/6250 elapsed=00:31:00 loss=0.0001 token=0.0000 gap=0.0000 rule=0.0003 lr=0.0001
train epoch 3/3 [######################--]  93.2% 5828/6250 elapsed=00:31:20 loss=0.0001 token=0.0000 gap=0.0000 rule=0.0003 lr=0.0001
train epoch 3/3 [#######################-]  94.2% 5890/6250 elapsed=00:31:40 loss=0.0001 token=0.0000 gap=0.0000 rule=0.0003 lr=0.0001
train epoch 3/3 [#######################-]  95.2% 5952/6250 elapsed=00:32:00 loss=0.0001 token=0.0000 gap=0.0000 rule=0.0002 lr=0.0001
train epoch 3/3 [#######################-]  96.2% 6014/6250 elapsed=00:32:20 loss=0.0001 token=0.0000 gap=0.0000 rule=0.0002 lr=0.0001
train epoch 3/3 [#######################-]  97.2% 6076/6250 elapsed=00:32:40 loss=0.0001 token=0.0000 gap=0.0000 rule=0.0002 lr=0.0001
train epoch 3/3 [########################]  98.2% 6138/6250 elapsed=00:33:00 loss=0.0001 token=0.0000 gap=0.0000 rule=0.0002 lr=0.0001
train epoch 3/3 [########################]  99.2% 6200/6250 elapsed=00:33:20 loss=0.0001 token=0.0000 gap=0.0000 rule=0.0002 lr=0.0001
train epoch 3/3 [########################] 100.0% 6250/6250 elapsed=00:33:37 loss=0.0001 token=0.0000 gap=0.0000 rule=0.0002 lr=0.0001
validate epoch 3/3 [------------------------]   0.0% 0/5000 elapsed=00:00:00
validate epoch 3/3 [------------------------]   1.3% 64/5000 elapsed=00:00:00 loss=0.0000 exact=1.0000
validate epoch 3/3 [#-----------------------]   2.6% 128/5000 elapsed=00:00:00 loss=0.0000 exact=1.0000
validate epoch 3/3 [#-----------------------]   3.8% 192/5000 elapsed=00:00:00 loss=0.0000 exact=1.0000
validate epoch 3/3 [#-----------------------]   5.1% 256/5000 elapsed=00:00:00 loss=0.0000 exact=1.0000
validate epoch 3/3 [##----------------------]   6.4% 320/5000 elapsed=00:00:01 loss=0.0000 exact=1.0000
validate epoch 3/3 [##----------------------]   7.7% 384/5000 elapsed=00:00:01 loss=0.0000 exact=1.0000
validate epoch 3/3 [##----------------------]   9.0% 448/5000 elapsed=00:00:01 loss=0.0000 exact=1.0000
validate epoch 3/3 [##----------------------]  10.2% 512/5000 elapsed=00:00:01 loss=0.0000 exact=1.0000
validate epoch 3/3 [###---------------------]  11.5% 576/5000 elapsed=00:00:02 loss=0.0000 exact=1.0000
validate epoch 3/3 [###---------------------]  12.8% 640/5000 elapsed=00:00:02 loss=0.0000 exact=1.0000
validate epoch 3/3 [###---------------------]  14.1% 704/5000 elapsed=00:00:02 loss=0.0000 exact=1.0000
validate epoch 3/3 [####--------------------]  15.4% 768/5000 elapsed=00:00:02 loss=0.0000 exact=1.0000
validate epoch 3/3 [####--------------------]  16.6% 832/5000 elapsed=00:00:03 loss=0.0000 exact=1.0000
validate epoch 3/3 [####--------------------]  17.9% 896/5000 elapsed=00:00:03 loss=0.0000 exact=1.0000
validate epoch 3/3 [#####-------------------]  19.2% 960/5000 elapsed=00:00:03 loss=0.0000 exact=1.0000
validate epoch 3/3 [#####-------------------]  20.5% 1024/5000 elapsed=00:00:03 loss=0.0000 exact=1.0000
validate epoch 3/3 [#####-------------------]  21.8% 1088/5000 elapsed=00:00:04 loss=0.0000 exact=1.0000
validate epoch 3/3 [######------------------]  23.0% 1152/5000 elapsed=00:00:04 loss=0.0000 exact=1.0000
validate epoch 3/3 [######------------------]  24.3% 1216/5000 elapsed=00:00:04 loss=0.0000 exact=1.0000
validate epoch 3/3 [######------------------]  25.6% 1280/5000 elapsed=00:00:04 loss=0.0000 exact=1.0000
validate epoch 3/3 [######------------------]  26.9% 1344/5000 elapsed=00:00:05 loss=0.0000 exact=1.0000
validate epoch 3/3 [#######-----------------]  28.2% 1408/5000 elapsed=00:00:05 loss=0.0000 exact=1.0000
validate epoch 3/3 [#######-----------------]  29.4% 1472/5000 elapsed=00:00:05 loss=0.0000 exact=1.0000
validate epoch 3/3 [#######-----------------]  30.7% 1536/5000 elapsed=00:00:05 loss=0.0000 exact=1.0000
validate epoch 3/3 [########----------------]  32.0% 1600/5000 elapsed=00:00:06 loss=0.0000 exact=1.0000
validate epoch 3/3 [########----------------]  33.3% 1664/5000 elapsed=00:00:06 loss=0.0000 exact=1.0000
validate epoch 3/3 [########----------------]  34.6% 1728/5000 elapsed=00:00:06 loss=0.0000 exact=1.0000
validate epoch 3/3 [#########---------------]  35.8% 1792/5000 elapsed=00:00:06 loss=0.0000 exact=1.0000
validate epoch 3/3 [#########---------------]  37.1% 1856/5000 elapsed=00:00:07 loss=0.0000 exact=1.0000
validate epoch 3/3 [#########---------------]  38.4% 1920/5000 elapsed=00:00:07 loss=0.0000 exact=1.0000
validate epoch 3/3 [##########--------------]  39.7% 1984/5000 elapsed=00:00:07 loss=0.0000 exact=1.0000
validate epoch 3/3 [##########--------------]  41.0% 2048/5000 elapsed=00:00:07 loss=0.0000 exact=1.0000
validate epoch 3/3 [##########--------------]  42.2% 2112/5000 elapsed=00:00:07 loss=0.0000 exact=1.0000
validate epoch 3/3 [##########--------------]  43.5% 2176/5000 elapsed=00:00:08 loss=0.0000 exact=1.0000
validate epoch 3/3 [###########-------------]  44.8% 2240/5000 elapsed=00:00:08 loss=0.0000 exact=1.0000
validate epoch 3/3 [###########-------------]  46.1% 2304/5000 elapsed=00:00:08 loss=0.0000 exact=1.0000
validate epoch 3/3 [###########-------------]  47.4% 2368/5000 elapsed=00:00:08 loss=0.0000 exact=1.0000
validate epoch 3/3 [############------------]  48.6% 2432/5000 elapsed=00:00:09 loss=0.0000 exact=1.0000
validate epoch 3/3 [############------------]  49.9% 2496/5000 elapsed=00:00:09 loss=0.0000 exact=1.0000
validate epoch 3/3 [############------------]  51.2% 2560/5000 elapsed=00:00:09 loss=0.0000 exact=1.0000
validate epoch 3/3 [#############-----------]  52.5% 2624/5000 elapsed=00:00:09 loss=0.0000 exact=1.0000
validate epoch 3/3 [#############-----------]  53.8% 2688/5000 elapsed=00:00:10 loss=0.0000 exact=1.0000
validate epoch 3/3 [#############-----------]  55.0% 2752/5000 elapsed=00:00:10 loss=0.0000 exact=1.0000
validate epoch 3/3 [##############----------]  56.3% 2816/5000 elapsed=00:00:10 loss=0.0000 exact=1.0000
validate epoch 3/3 [##############----------]  57.6% 2880/5000 elapsed=00:00:10 loss=0.0000 exact=1.0000
validate epoch 3/3 [##############----------]  58.9% 2944/5000 elapsed=00:00:11 loss=0.0000 exact=1.0000
validate epoch 3/3 [##############----------]  60.2% 3008/5000 elapsed=00:00:11 loss=0.0000 exact=1.0000
validate epoch 3/3 [###############---------]  61.4% 3072/5000 elapsed=00:00:11 loss=0.0000 exact=1.0000
validate epoch 3/3 [###############---------]  62.7% 3136/5000 elapsed=00:00:11 loss=0.0000 exact=1.0000
validate epoch 3/3 [###############---------]  64.0% 3200/5000 elapsed=00:00:12 loss=0.0000 exact=1.0000
validate epoch 3/3 [################--------]  65.3% 3264/5000 elapsed=00:00:12 loss=0.0000 exact=1.0000
validate epoch 3/3 [################--------]  66.6% 3328/5000 elapsed=00:00:12 loss=0.0000 exact=1.0000
validate epoch 3/3 [################--------]  67.8% 3392/5000 elapsed=00:00:12 loss=0.0000 exact=1.0000
validate epoch 3/3 [#################-------]  69.1% 3456/5000 elapsed=00:00:13 loss=0.0000 exact=1.0000
validate epoch 3/3 [#################-------]  70.4% 3520/5000 elapsed=00:00:13 loss=0.0000 exact=1.0000
validate epoch 3/3 [#################-------]  71.7% 3584/5000 elapsed=00:00:13 loss=0.0000 exact=1.0000
validate epoch 3/3 [##################------]  73.0% 3648/5000 elapsed=00:00:13 loss=0.0000 exact=1.0000
validate epoch 3/3 [##################------]  74.2% 3712/5000 elapsed=00:00:14 loss=0.0000 exact=1.0000
validate epoch 3/3 [##################------]  75.5% 3776/5000 elapsed=00:00:14 loss=0.0000 exact=1.0000
validate epoch 3/3 [##################------]  76.8% 3840/5000 elapsed=00:00:14 loss=0.0000 exact=1.0000
validate epoch 3/3 [###################-----]  78.1% 3904/5000 elapsed=00:00:14 loss=0.0000 exact=1.0000
validate epoch 3/3 [###################-----]  79.4% 3968/5000 elapsed=00:00:14 loss=0.0000 exact=1.0000
validate epoch 3/3 [###################-----]  80.6% 4032/5000 elapsed=00:00:15 loss=0.0000 exact=1.0000
validate epoch 3/3 [####################----]  81.9% 4096/5000 elapsed=00:00:15 loss=0.0000 exact=1.0000
validate epoch 3/3 [####################----]  83.2% 4160/5000 elapsed=00:00:15 loss=0.0000 exact=1.0000
validate epoch 3/3 [####################----]  84.5% 4224/5000 elapsed=00:00:15 loss=0.0000 exact=1.0000
validate epoch 3/3 [#####################---]  85.8% 4288/5000 elapsed=00:00:16 loss=0.0000 exact=1.0000
validate epoch 3/3 [#####################---]  87.0% 4352/5000 elapsed=00:00:16 loss=0.0000 exact=1.0000
validate epoch 3/3 [#####################---]  88.3% 4416/5000 elapsed=00:00:16 loss=0.0000 exact=1.0000
validate epoch 3/3 [######################--]  89.6% 4480/5000 elapsed=00:00:16 loss=0.0000 exact=1.0000
validate epoch 3/3 [######################--]  90.9% 4544/5000 elapsed=00:00:17 loss=0.0000 exact=1.0000
validate epoch 3/3 [######################--]  92.2% 4608/5000 elapsed=00:00:17 loss=0.0000 exact=1.0000
validate epoch 3/3 [######################--]  93.4% 4672/5000 elapsed=00:00:17 loss=0.0000 exact=1.0000
validate epoch 3/3 [#######################-]  94.7% 4736/5000 elapsed=00:00:17 loss=0.0000 exact=1.0000
validate epoch 3/3 [#######################-]  96.0% 4800/5000 elapsed=00:00:18 loss=0.0000 exact=1.0000
validate epoch 3/3 [#######################-]  97.3% 4864/5000 elapsed=00:00:18 loss=0.0000 exact=1.0000
validate epoch 3/3 [########################]  98.6% 4928/5000 elapsed=00:00:18 loss=0.0000 exact=1.0000
validate epoch 3/3 [########################]  99.8% 4992/5000 elapsed=00:00:18 loss=0.0000 exact=1.0000
validate epoch 3/3 [########################] 100.0% 5000/5000 elapsed=00:00:18 loss=0.0000 exact=1.0000
