2026-05-22 14:05:58.739 No ASGI app assignments found in D:\projects\ai-assistant\src\app\streamlit_app.py
2026-05-22 14:05:59.036 Filtered 213 packages down to 1 candidates for component scanning
2026-05-22 14:05:59.047 Scanning 1 candidate packages for component manifests using 1 worker threads
2026-05-22 14:05:59.098 Found 0 component manifests total
2026-05-22 14:05:59.100 No asset roots to watch
2026-05-22 14:05:59.102 File watching not started
2026-05-22 14:05:59.103 Starting new event loop for server
2026-05-22 14:05:59.106 Starting server...
2026-05-22 14:05:59.151 Starting uvicorn server on 0.0.0.0:8501
2026-05-22 14:05:59.184 Runtime state: RuntimeState.INITIAL -> RuntimeState.NO_SESSIONS_CONNECTED
2026-05-22 14:05:59.184 Uvicorn server started on 0.0.0.0:8501
2026-05-22 14:06:00.396 Setting up signal handler
2026-05-22 14:06:00.407 AppSession initialized (id=024e27bb-afd2-459f-ade6-9c46eb6f2347)
2026-05-22 14:06:00.407 Created new session for client 1763989695584. Session ID: 024e27bb-afd2-459f-ade6-9c46eb6f2347
2026-05-22 14:06:00.407 Runtime state: RuntimeState.NO_SESSIONS_CONNECTED -> RuntimeState.ONE_OR_MORE_SESSIONS_CONNECTED
2026-05-22 14:56:22.215 Beginning script thread
2026-05-22 14:56:22.225 Running script
2026-05-22 14:56:22.226 Disconnecting files for session with ID 024e27bb-afd2-459f-ade6-9c46eb6f2347
2026-05-22 14:56:22.226 Sessions still active: dict_keys([])
2026-05-22 14:56:22.228 Files: 0; Sessions with files: 0
2026-05-22 14:56:22.301 Beginning script thread
2026-05-22 14:56:22.301 Running script
2026-05-22 14:56:22.301 Disconnecting files for session with ID 024e27bb-afd2-459f-ade6-9c46eb6f2347
2026-05-22 14:56:22.302 Sessions still active: dict_keys([])
2026-05-22 14:56:22.302 Files: 0; Sessions with files: 0
2026-05-22 14:56:22.463 Removing orphaned files...
2026-05-22 14:56:22.464 Ignoring event from non-current ScriptRunner: ScriptRunnerEvent.ENQUEUE_FORWARD_MSG
2026-05-22 14:56:22.464 Removing orphaned deferred callables...
2026-05-22 14:56:22.464 Ignoring event from non-current ScriptRunner: ScriptRunnerEvent.SCRIPT_STOPPED_WITH_SUCCESS
2026-05-22 14:56:22.485 Ignoring event from non-current ScriptRunner: ScriptRunnerEvent.SHUTDOWN
2026-05-22 14:56:22.615 Creating new ResourceCache (key=b8381e4ade71e963af3811c3629c1a24)
2026-05-22 14:56:22.616 Cache key: cae66941d9efbd404e4d88758ea67670
C:\Users\οκ\AppData\Roaming\Python\Python312\site-packages\pymorphy2\analyzer.py:114: UserWarning: pkg_resources is deprecated as an API. See https://setuptools.pypa.io/en/latest/pkg_resources.html. The pkg_resources package is slated for removal as early as 2025-11-30. Refrain from using this package or pin to Setuptools<81.
  import pkg_resources
2026-05-22 14:56:39.998 Please replace `use_container_width` with `width`.

`use_container_width` will be removed after 2025-12-31.

For `use_container_width=True`, use `width='stretch'`. For `use_container_width=False`, use `width='content'`.
