2026-05-22 13:55:49.417 No ASGI app assignments found in D:\projects\ai-assistant\src\app\streamlit_app.py
2026-05-22 13:55:49.695 Filtered 213 packages down to 1 candidates for component scanning
2026-05-22 13:55:49.706 Scanning 1 candidate packages for component manifests using 1 worker threads
2026-05-22 13:55:49.757 Found 0 component manifests total
2026-05-22 13:55:49.759 No asset roots to watch
2026-05-22 13:55:49.760 File watching not started
2026-05-22 13:55:49.762 Starting new event loop for server
2026-05-22 13:55:49.765 Starting server...
2026-05-22 13:55:49.806 Starting uvicorn server on 0.0.0.0:8501
2026-05-22 13:55:49.837 Runtime state: RuntimeState.INITIAL -> RuntimeState.NO_SESSIONS_CONNECTED
2026-05-22 13:55:49.837 Uvicorn server started on 0.0.0.0:8501
2026-05-22 13:55:50.238 Setting up signal handler
2026-05-22 13:55:50.248 AppSession initialized (id=1b88de14-8e8d-4406-a701-5cb32ee12718)
2026-05-22 13:55:50.248 Created new session for client 2640554142624. Session ID: 1b88de14-8e8d-4406-a701-5cb32ee12718
2026-05-22 13:55:50.248 Runtime state: RuntimeState.NO_SESSIONS_CONNECTED -> RuntimeState.ONE_OR_MORE_SESSIONS_CONNECTED
2026-05-22 13:55:51.603 AppSession initialized (id=59d304fa-6773-480c-835d-8c4eeb7de767)
2026-05-22 13:55:51.606 Created new session for client 2640554412704. Session ID: 59d304fa-6773-480c-835d-8c4eeb7de767
2026-05-22 13:55:51.606 Runtime state: RuntimeState.ONE_OR_MORE_SESSIONS_CONNECTED -> RuntimeState.ONE_OR_MORE_SESSIONS_CONNECTED
2026-05-22 13:56:34.909 AppSession initialized (id=0f373220-ead0-423d-b5b2-9eae5509571f)
2026-05-22 13:56:34.910 Created new session for client 2640554424368. Session ID: 0f373220-ead0-423d-b5b2-9eae5509571f
2026-05-22 13:56:34.910 Runtime state: RuntimeState.ONE_OR_MORE_SESSIONS_CONNECTED -> RuntimeState.ONE_OR_MORE_SESSIONS_CONNECTED
2026-05-22 13:56:34.913 Beginning script thread
2026-05-22 13:56:34.913 Running script
2026-05-22 13:56:34.913 Disconnecting files for session with ID 0f373220-ead0-423d-b5b2-9eae5509571f
2026-05-22 13:56:34.914 Sessions still active: dict_keys([])
2026-05-22 13:56:34.914 Files: 0; Sessions with files: 0
2026-05-22 13:56:35.460 Creating new ResourceCache (key=b8381e4ade71e963af3811c3629c1a24)
2026-05-22 13:56:35.470 Cache key: cae66941d9efbd404e4d88758ea67670
2026-05-22 13:56:50.990 Removing orphaned files...
2026-05-22 13:56:50.991 Removing orphaned deferred callables...
2026-05-22 13:58:00.938 AppSession initialized (id=2595c70e-de95-4cd1-a97d-11aa2306796f)
2026-05-22 13:58:00.938 Created new session for client 2640564299936. Session ID: 2595c70e-de95-4cd1-a97d-11aa2306796f
2026-05-22 13:58:00.939 Runtime state: RuntimeState.ONE_OR_MORE_SESSIONS_CONNECTED -> RuntimeState.ONE_OR_MORE_SESSIONS_CONNECTED
2026-05-22 13:58:00.950 Beginning script thread
2026-05-22 13:58:00.951 Running script
2026-05-22 13:58:00.951 Disconnecting files for session with ID 2595c70e-de95-4cd1-a97d-11aa2306796f
2026-05-22 13:58:00.951 Sessions still active: dict_keys([])
2026-05-22 13:58:00.951 Files: 0; Sessions with files: 0
2026-05-22 13:58:00.954 Cache key: cae66941d9efbd404e4d88758ea67670
2026-05-22 13:58:00.956 Removing orphaned files...
2026-05-22 13:58:00.957 Removing orphaned deferred callables...
2026-05-22 13:58:09.954 Beginning script thread
2026-05-22 13:58:09.954 Running script
2026-05-22 13:58:09.955 Disconnecting files for session with ID 2595c70e-de95-4cd1-a97d-11aa2306796f
2026-05-22 13:58:09.955 Sessions still active: dict_keys([])
2026-05-22 13:58:09.955 Files: 0; Sessions with files: 0
2026-05-22 13:58:09.960 Cache key: cae66941d9efbd404e4d88758ea67670
2026-05-22 13:58:09.964 Removing orphaned files...
2026-05-22 13:58:09.964 Removing orphaned deferred callables...
2026-05-22 13:58:10.132 Beginning script thread
2026-05-22 13:58:10.133 Running script
2026-05-22 13:58:10.133 Disconnecting files for session with ID 2595c70e-de95-4cd1-a97d-11aa2306796f
2026-05-22 13:58:10.133 Sessions still active: dict_keys([])
2026-05-22 13:58:10.133 Files: 0; Sessions with files: 0
2026-05-22 13:58:10.138 Cache key: cae66941d9efbd404e4d88758ea67670
C:\Users\οκ\AppData\Roaming\Python\Python312\site-packages\pymorphy2\analyzer.py:114: UserWarning: pkg_resources is deprecated as an API. See https://setuptools.pypa.io/en/latest/pkg_resources.html. The pkg_resources package is slated for removal as early as 2025-11-30. Refrain from using this package or pin to Setuptools<81.
  import pkg_resources
2026-05-22 13:58:36.496 Please replace `use_container_width` with `width`.

`use_container_width` will be removed after 2025-12-31.

For `use_container_width=True`, use `width='stretch'`. For `use_container_width=False`, use `width='content'`.
2026-05-22 13:58:36.515 Removing orphaned files...
2026-05-22 13:58:36.515 Removing orphaned deferred callables...
2026-05-22 13:58:44.019 Beginning script thread
