[training] loading tokenizer and model
[training] device=cuda cuda_available=True epochs=2 samples_per_epoch=50000 batch_size=32 steps_per_epoch=1563 total_train_steps=3126 amp=True
train epoch 1/2 [------------------------]   0.0% 0/1563 elapsed=00:00:00
train epoch 1/2 [------------------------]   1.0% 15/1563 elapsed=00:00:07 loss=6.4869 token=2.4910 gap=2.2027 rule=4.5090 lr=0.0000
train epoch 1/2 [------------------------]   1.9% 30/1563 elapsed=00:00:12 loss=6.4299 token=2.4669 gap=2.1802 rule=4.4892 lr=0.0000
train epoch 1/2 [#-----------------------]   2.9% 45/1563 elapsed=00:00:17 loss=6.2917 token=2.4083 gap=2.1183 rule=4.4714 lr=0.0000
train epoch 1/2 [#-----------------------]   3.8% 60/1563 elapsed=00:00:22 loss=6.0542 token=2.2993 gap=2.0202 rule=4.4356 lr=0.0000
train epoch 1/2 [#-----------------------]   4.8% 75/1563 elapsed=00:00:28 loss=5.6846 token=2.1156 gap=1.8805 rule=4.3748 lr=0.0000
train epoch 1/2 [#-----------------------]   5.8% 90/1563 elapsed=00:00:33 loss=5.1885 token=1.8680 gap=1.7067 rule=4.2416 lr=0.0000
train epoch 1/2 [##----------------------]   6.7% 105/1563 elapsed=00:00:38 loss=4.7021 token=1.6519 gap=1.5520 rule=3.9590 lr=0.0000
train epoch 1/2 [##----------------------]   7.7% 120/1563 elapsed=00:00:44 loss=4.2757 token=1.4856 gap=1.4106 rule=3.6580 lr=0.0000
train epoch 1/2 [##----------------------]   8.6% 135/1563 elapsed=00:00:49 loss=3.9180 token=1.3519 gap=1.2853 rule=3.4123 lr=0.0000
train epoch 1/2 [##----------------------]   9.6% 150/1563 elapsed=00:00:55 loss=3.6165 token=1.2413 gap=1.1788 rule=3.2021 lr=0.0000
train epoch 1/2 [###---------------------]  10.6% 165/1563 elapsed=00:01:00 loss=3.3558 token=1.1474 gap=1.0846 rule=3.0233 lr=0.0000
train epoch 1/2 [###---------------------]  11.5% 180/1563 elapsed=00:01:06 loss=3.1327 token=1.0642 gap=1.0051 rule=2.8746 lr=0.0000
train epoch 1/2 [###---------------------]  12.5% 195/1563 elapsed=00:01:11 loss=2.9374 token=0.9928 gap=0.9351 rule=2.7415 lr=0.0001
train epoch 1/2 [###---------------------]  13.4% 210/1563 elapsed=00:01:16 loss=2.7649 token=0.9307 gap=0.8738 rule=2.6186 lr=0.0001
train epoch 1/2 [###---------------------]  14.4% 225/1563 elapsed=00:01:22 loss=2.6117 token=0.8758 gap=0.8193 rule=2.5093 lr=0.0001
train epoch 1/2 [####--------------------]  15.4% 240/1563 elapsed=00:01:27 loss=2.4742 token=0.8264 gap=0.7712 rule=2.4080 lr=0.0001
train epoch 1/2 [####--------------------]  16.3% 255/1563 elapsed=00:01:33 loss=2.3509 token=0.7821 gap=0.7282 rule=2.3166 lr=0.0001
train epoch 1/2 [####--------------------]  17.3% 270/1563 elapsed=00:01:38 loss=2.2397 token=0.7423 gap=0.6897 rule=2.2323 lr=0.0001
train epoch 1/2 [####--------------------]  18.2% 285/1563 elapsed=00:01:44 loss=2.1384 token=0.7064 gap=0.6549 rule=2.1534 lr=0.0001
train epoch 1/2 [#####-------------------]  19.2% 300/1563 elapsed=00:01:49 loss=2.0465 token=0.6741 gap=0.6235 rule=2.0810 lr=0.0001
train epoch 1/2 [#####-------------------]  20.2% 315/1563 elapsed=00:01:55 loss=1.9610 token=0.6442 gap=0.5946 rule=2.0106 lr=0.0001
train epoch 1/2 [#####-------------------]  21.1% 330/1563 elapsed=00:02:00 loss=1.8833 token=0.6173 gap=0.5685 rule=1.9463 lr=0.0001
train epoch 1/2 [#####-------------------]  22.1% 345/1563 elapsed=00:02:06 loss=1.8116 token=0.5921 gap=0.5445 rule=1.8872 lr=0.0001
train epoch 1/2 [######------------------]  23.0% 360/1563 elapsed=00:02:12 loss=1.7470 token=0.5696 gap=0.5225 rule=1.8346 lr=0.0001
train epoch 1/2 [######------------------]  24.0% 375/1563 elapsed=00:02:19 loss=1.6856 token=0.5481 gap=0.5022 rule=1.7827 lr=0.0001
train epoch 1/2 [######------------------]  25.0% 390/1563 elapsed=00:02:25 loss=1.6297 token=0.5290 gap=0.4835 rule=1.7351 lr=0.0001
train epoch 1/2 [######------------------]  25.9% 405/1563 elapsed=00:02:32 loss=1.5778 token=0.5110 gap=0.4662 rule=1.6911 lr=0.0001
train epoch 1/2 [######------------------]  26.9% 420/1563 elapsed=00:02:38 loss=1.5292 token=0.4940 gap=0.4501 rule=1.6502 lr=0.0001
train epoch 1/2 [#######-----------------]  27.8% 435/1563 elapsed=00:02:45 loss=1.4834 token=0.4778 gap=0.4352 rule=1.6110 lr=0.0001
train epoch 1/2 [#######-----------------]  28.8% 450/1563 elapsed=00:02:51 loss=1.4402 token=0.4629 gap=0.4211 rule=1.5737 lr=0.0001
train epoch 1/2 [#######-----------------]  29.8% 465/1563 elapsed=00:02:58 loss=1.4002 token=0.4488 gap=0.4080 rule=1.5391 lr=0.0001
train epoch 1/2 [#######-----------------]  30.7% 480/1563 elapsed=00:03:04 loss=1.3620 token=0.4355 gap=0.3956 rule=1.5060 lr=0.0001
train epoch 1/2 [########----------------]  31.7% 495/1563 elapsed=00:03:11 loss=1.3258 token=0.4228 gap=0.3839 rule=1.4746 lr=0.0001
train epoch 1/2 [########----------------]  32.6% 510/1563 elapsed=00:03:17 loss=1.2919 token=0.4111 gap=0.3728 rule=1.4447 lr=0.0001
train epoch 1/2 [########----------------]  33.6% 525/1563 elapsed=00:03:24 loss=1.2595 token=0.4000 gap=0.3623 rule=1.4156 lr=0.0001
train epoch 1/2 [########----------------]  34.5% 540/1563 elapsed=00:03:30 loss=1.2295 token=0.3895 gap=0.3526 rule=1.3895 lr=0.0001
train epoch 1/2 [#########---------------]  35.5% 555/1563 elapsed=00:03:37 loss=1.2006 token=0.3797 gap=0.3432 rule=1.3635 lr=0.0001
train epoch 1/2 [#########---------------]  36.5% 570/1563 elapsed=00:03:43 loss=1.1728 token=0.3702 gap=0.3343 rule=1.3381 lr=0.0001
train epoch 1/2 [#########---------------]  37.4% 585/1563 elapsed=00:03:49 loss=1.1466 token=0.3612 gap=0.3259 rule=1.3144 lr=0.0001
train epoch 1/2 [#########---------------]  38.4% 600/1563 elapsed=00:03:56 loss=1.1218 token=0.3527 gap=0.3180 rule=1.2917 lr=0.0001
train epoch 1/2 [#########---------------]  39.3% 615/1563 elapsed=00:04:02 loss=1.0983 token=0.3446 gap=0.3104 rule=1.2708 lr=0.0001
train epoch 1/2 [##########--------------]  40.3% 630/1563 elapsed=00:04:09 loss=1.0757 token=0.3367 gap=0.3031 rule=1.2505 lr=0.0001
train epoch 1/2 [##########--------------]  41.3% 645/1563 elapsed=00:04:15 loss=1.0539 token=0.3293 gap=0.2963 rule=1.2304 lr=0.0001
train epoch 1/2 [##########--------------]  42.2% 660/1563 elapsed=00:04:22 loss=1.0332 token=0.3221 gap=0.2897 rule=1.2114 lr=0.0001
train epoch 1/2 [##########--------------]  43.2% 675/1563 elapsed=00:04:28 loss=1.0129 token=0.3153 gap=0.2833 rule=1.1920 lr=0.0001
train epoch 1/2 [###########-------------]  44.1% 690/1563 elapsed=00:04:34 loss=0.9937 token=0.3088 gap=0.2773 rule=1.1738 lr=0.0001
train epoch 1/2 [###########-------------]  45.1% 705/1563 elapsed=00:04:41 loss=0.9754 token=0.3025 gap=0.2716 rule=1.1567 lr=0.0001
train epoch 1/2 [###########-------------]  46.1% 720/1563 elapsed=00:04:47 loss=0.9579 token=0.2965 gap=0.2661 rule=1.1404 lr=0.0001
train epoch 1/2 [###########-------------]  47.0% 735/1563 elapsed=00:04:54 loss=0.9407 token=0.2907 gap=0.2607 rule=1.1238 lr=0.0001
train epoch 1/2 [############------------]  48.0% 750/1563 elapsed=00:05:00 loss=0.9241 token=0.2851 gap=0.2556 rule=1.1078 lr=0.0001
train epoch 1/2 [############------------]  48.9% 765/1563 elapsed=00:05:06 loss=0.9081 token=0.2797 gap=0.2506 rule=1.0922 lr=0.0001
train epoch 1/2 [############------------]  49.9% 780/1563 elapsed=00:05:13 loss=0.8930 token=0.2746 gap=0.2459 rule=1.0777 lr=0.0001
train epoch 1/2 [############------------]  50.9% 795/1563 elapsed=00:05:19 loss=0.8781 token=0.2696 gap=0.2414 rule=1.0630 lr=0.0001
train epoch 1/2 [############------------]  51.8% 810/1563 elapsed=00:05:25 loss=0.8638 token=0.2648 gap=0.2370 rule=1.0489 lr=0.0001
train epoch 1/2 [#############-----------]  52.8% 825/1563 elapsed=00:05:32 loss=0.8501 token=0.2602 gap=0.2328 rule=1.0352 lr=0.0001
train epoch 1/2 [#############-----------]  53.7% 840/1563 elapsed=00:05:38 loss=0.8369 token=0.2558 gap=0.2287 rule=1.0223 lr=0.0001
train epoch 1/2 [#############-----------]  54.7% 855/1563 elapsed=00:05:44 loss=0.8241 token=0.2515 gap=0.2247 rule=1.0097 lr=0.0001
train epoch 1/2 [#############-----------]  55.7% 870/1563 elapsed=00:05:51 loss=0.8114 token=0.2473 gap=0.2209 rule=0.9967 lr=0.0001
train epoch 1/2 [##############----------]  56.6% 885/1563 elapsed=00:05:57 loss=0.7993 token=0.2433 gap=0.2172 rule=0.9845 lr=0.0001
train epoch 1/2 [##############----------]  57.6% 900/1563 elapsed=00:06:04 loss=0.7876 token=0.2393 gap=0.2137 rule=0.9728 lr=0.0001
train epoch 1/2 [##############----------]  58.5% 915/1563 elapsed=00:06:10 loss=0.7763 token=0.2356 gap=0.2103 rule=0.9615 lr=0.0001
train epoch 1/2 [##############----------]  59.5% 930/1563 elapsed=00:06:17 loss=0.7653 token=0.2319 gap=0.2069 rule=0.9504 lr=0.0001
train epoch 1/2 [###############---------]  60.5% 945/1563 elapsed=00:06:23 loss=0.7545 token=0.2284 gap=0.2037 rule=0.9388 lr=0.0001
train epoch 1/2 [###############---------]  61.4% 960/1563 elapsed=00:06:29 loss=0.7441 token=0.2250 gap=0.2005 rule=0.9284 lr=0.0001
train epoch 1/2 [###############---------]  62.4% 975/1563 elapsed=00:06:36 loss=0.7341 token=0.2216 gap=0.1975 rule=0.9181 lr=0.0001
train epoch 1/2 [###############---------]  63.3% 990/1563 elapsed=00:06:42 loss=0.7243 token=0.2184 gap=0.1946 rule=0.9081 lr=0.0001
train epoch 1/2 [###############---------]  64.3% 1005/1563 elapsed=00:06:49 loss=0.7149 token=0.2153 gap=0.1917 rule=0.8985 lr=0.0001
train epoch 1/2 [################--------]  65.3% 1020/1563 elapsed=00:06:55 loss=0.7057 token=0.2123 gap=0.1889 rule=0.8891 lr=0.0001
train epoch 1/2 [################--------]  66.2% 1035/1563 elapsed=00:07:01 loss=0.6967 token=0.2093 gap=0.1863 rule=0.8795 lr=0.0001
train epoch 1/2 [################--------]  67.2% 1050/1563 elapsed=00:07:08 loss=0.6879 token=0.2064 gap=0.1836 rule=0.8703 lr=0.0001
train epoch 1/2 [################--------]  68.1% 1065/1563 elapsed=00:07:14 loss=0.6793 token=0.2036 gap=0.1811 rule=0.8613 lr=0.0001
train epoch 1/2 [#################-------]  69.1% 1080/1563 elapsed=00:07:21 loss=0.6709 token=0.2009 gap=0.1786 rule=0.8523 lr=0.0001
train epoch 1/2 [#################-------]  70.1% 1095/1563 elapsed=00:07:27 loss=0.6629 token=0.1983 gap=0.1762 rule=0.8440 lr=0.0001
train epoch 1/2 [#################-------]  71.0% 1110/1563 elapsed=00:07:34 loss=0.6549 token=0.1957 gap=0.1738 rule=0.8355 lr=0.0001
train epoch 1/2 [#################-------]  72.0% 1125/1563 elapsed=00:07:41 loss=0.6472 token=0.1932 gap=0.1716 rule=0.8272 lr=0.0001
train epoch 1/2 [##################------]  72.9% 1140/1563 elapsed=00:07:48 loss=0.6397 token=0.1907 gap=0.1693 rule=0.8193 lr=0.0001
train epoch 1/2 [##################------]  73.9% 1155/1563 elapsed=00:07:54 loss=0.6324 token=0.1884 gap=0.1671 rule=0.8116 lr=0.0001
train epoch 1/2 [##################------]  74.9% 1170/1563 elapsed=00:08:01 loss=0.6252 token=0.1861 gap=0.1650 rule=0.8038 lr=0.0001
train epoch 1/2 [##################------]  75.8% 1185/1563 elapsed=00:08:07 loss=0.6182 token=0.1838 gap=0.1629 rule=0.7964 lr=0.0001
train epoch 1/2 [##################------]  76.8% 1200/1563 elapsed=00:08:13 loss=0.6114 token=0.1816 gap=0.1609 rule=0.7892 lr=0.0001
train epoch 1/2 [###################-----]  77.7% 1215/1563 elapsed=00:08:20 loss=0.6047 token=0.1794 gap=0.1590 rule=0.7819 lr=0.0001
train epoch 1/2 [###################-----]  78.7% 1230/1563 elapsed=00:08:26 loss=0.5983 token=0.1773 gap=0.1570 rule=0.7751 lr=0.0001
train epoch 1/2 [###################-----]  79.7% 1245/1563 elapsed=00:08:33 loss=0.5920 token=0.1752 gap=0.1552 rule=0.7683 lr=0.0001
train epoch 1/2 [###################-----]  80.6% 1260/1563 elapsed=00:08:40 loss=0.5857 token=0.1732 gap=0.1534 rule=0.7615 lr=0.0001
train epoch 1/2 [####################----]  81.6% 1275/1563 elapsed=00:08:47 loss=0.5796 token=0.1712 gap=0.1516 rule=0.7549 lr=0.0001
train epoch 1/2 [####################----]  82.5% 1290/1563 elapsed=00:08:53 loss=0.5737 token=0.1693 gap=0.1498 rule=0.7485 lr=0.0001
train epoch 1/2 [####################----]  83.5% 1305/1563 elapsed=00:09:00 loss=0.5678 token=0.1674 gap=0.1481 rule=0.7421 lr=0.0001
train epoch 1/2 [####################----]  84.5% 1320/1563 elapsed=00:09:06 loss=0.5621 token=0.1656 gap=0.1465 rule=0.7359 lr=0.0001
train epoch 1/2 [####################----]  85.4% 1335/1563 elapsed=00:09:12 loss=0.5566 token=0.1638 gap=0.1449 rule=0.7297 lr=0.0001
train epoch 1/2 [#####################---]  86.4% 1350/1563 elapsed=00:09:19 loss=0.5512 token=0.1621 gap=0.1433 rule=0.7238 lr=0.0001
train epoch 1/2 [#####################---]  87.3% 1365/1563 elapsed=00:09:26 loss=0.5458 token=0.1604 gap=0.1418 rule=0.7178 lr=0.0001
train epoch 1/2 [#####################---]  88.3% 1380/1563 elapsed=00:09:33 loss=0.5406 token=0.1587 gap=0.1403 rule=0.7122 lr=0.0001
train epoch 1/2 [#####################---]  89.3% 1395/1563 elapsed=00:09:39 loss=0.5354 token=0.1570 gap=0.1388 rule=0.7063 lr=0.0001
train epoch 1/2 [######################--]  90.2% 1410/1563 elapsed=00:09:46 loss=0.5304 token=0.1554 gap=0.1374 rule=0.7006 lr=0.0001
train epoch 1/2 [######################--]  91.2% 1425/1563 elapsed=00:09:53 loss=0.5255 token=0.1538 gap=0.1359 rule=0.6953 lr=0.0001
train epoch 1/2 [######################--]  92.1% 1440/1563 elapsed=00:09:59 loss=0.5206 token=0.1522 gap=0.1345 rule=0.6899 lr=0.0001
train epoch 1/2 [######################--]  93.1% 1455/1563 elapsed=00:10:05 loss=0.5159 token=0.1507 gap=0.1331 rule=0.6845 lr=0.0001
train epoch 1/2 [#######################-]  94.0% 1470/1563 elapsed=00:10:12 loss=0.5112 token=0.1492 gap=0.1318 rule=0.6793 lr=0.0001
train epoch 1/2 [#######################-]  95.0% 1485/1563 elapsed=00:10:19 loss=0.5066 token=0.1478 gap=0.1305 rule=0.6740 lr=0.0001
train epoch 1/2 [#######################-]  96.0% 1500/1563 elapsed=00:10:25 loss=0.5021 token=0.1463 gap=0.1292 rule=0.6691 lr=0.0001
train epoch 1/2 [#######################-]  96.9% 1515/1563 elapsed=00:10:32 loss=0.4976 token=0.1449 gap=0.1279 rule=0.6639 lr=0.0001
train epoch 1/2 [#######################-]  97.9% 1530/1563 elapsed=00:10:38 loss=0.4933 token=0.1436 gap=0.1267 rule=0.6589 lr=0.0001
train epoch 1/2 [########################]  98.8% 1545/1563 elapsed=00:10:45 loss=0.4890 token=0.1422 gap=0.1255 rule=0.6539 lr=0.0001
train epoch 1/2 [########################]  99.8% 1560/1563 elapsed=00:10:51 loss=0.4847 token=0.1409 gap=0.1243 rule=0.6490 lr=0.0001
train epoch 1/2 [########################] 100.0% 1563/1563 elapsed=00:10:53 loss=0.4839 token=0.1406 gap=0.1240 rule=0.6481 lr=0.0001
validate epoch 1/2 [------------------------]   0.0% 0/500 elapsed=00:00:00
validate epoch 1/2 [###---------------------]  12.8% 64/500 elapsed=00:00:00 loss=0.0037 exact=0.9375
validate epoch 1/2 [######------------------]  25.6% 128/500 elapsed=00:00:00 loss=0.0109 exact=0.8828
validate epoch 1/2 [#########---------------]  38.4% 192/500 elapsed=00:00:00 loss=0.0177 exact=0.8385
validate epoch 1/2 [############------------]  51.2% 256/500 elapsed=00:00:01 loss=0.0228 exact=0.8320
validate epoch 1/2 [###############---------]  64.0% 320/500 elapsed=00:00:01 loss=0.0304 exact=0.8344
validate epoch 1/2 [##################------]  76.8% 384/500 elapsed=00:00:01 loss=0.0353 exact=0.8359
validate epoch 1/2 [######################--]  89.6% 448/500 elapsed=00:00:01 loss=0.0405 exact=0.8393
validate epoch 1/2 [########################] 100.0% 500/500 elapsed=00:00:01 loss=0.0475 exact=0.8280
train epoch 2/2 [------------------------]   0.0% 0/1563 elapsed=00:00:00
train epoch 2/2 [------------------------]   1.0% 15/1563 elapsed=00:00:09 loss=0.0508 token=0.0038 gap=0.0015 rule=0.1505 lr=0.0001
train epoch 2/2 [------------------------]   1.9% 30/1563 elapsed=00:00:15 loss=0.0520 token=0.0047 gap=0.0013 rule=0.1523 lr=0.0001
train epoch 2/2 [#-----------------------]   2.9% 45/1563 elapsed=00:00:22 loss=0.0522 token=0.0046 gap=0.0012 rule=0.1539 lr=0.0001
train epoch 2/2 [#-----------------------]   3.8% 60/1563 elapsed=00:00:29 loss=0.0538 token=0.0045 gap=0.0016 rule=0.1577 lr=0.0001
train epoch 2/2 [#-----------------------]   4.8% 75/1563 elapsed=00:00:36 loss=0.0544 token=0.0043 gap=0.0022 rule=0.1583 lr=0.0001
train epoch 2/2 [#-----------------------]   5.8% 90/1563 elapsed=00:00:42 loss=0.0529 token=0.0043 gap=0.0020 rule=0.1539 lr=0.0001
train epoch 2/2 [##----------------------]   6.7% 105/1563 elapsed=00:00:49 loss=0.0525 token=0.0044 gap=0.0018 rule=0.1532 lr=0.0001
train epoch 2/2 [##----------------------]   7.7% 120/1563 elapsed=00:00:55 loss=0.0525 token=0.0044 gap=0.0022 rule=0.1517 lr=0.0001
train epoch 2/2 [##----------------------]   8.6% 135/1563 elapsed=00:01:02 loss=0.0528 token=0.0044 gap=0.0022 rule=0.1527 lr=0.0001
train epoch 2/2 [##----------------------]   9.6% 150/1563 elapsed=00:01:09 loss=0.0521 token=0.0044 gap=0.0021 rule=0.1508 lr=0.0001
train epoch 2/2 [###---------------------]  10.6% 165/1563 elapsed=00:01:15 loss=0.0521 token=0.0044 gap=0.0019 rule=0.1513 lr=0.0001
train epoch 2/2 [###---------------------]  11.5% 180/1563 elapsed=00:01:22 loss=0.0519 token=0.0044 gap=0.0019 rule=0.1510 lr=0.0001
train epoch 2/2 [###---------------------]  12.5% 195/1563 elapsed=00:01:29 loss=0.0518 token=0.0044 gap=0.0018 rule=0.1508 lr=0.0001
train epoch 2/2 [###---------------------]  13.4% 210/1563 elapsed=00:01:36 loss=0.0522 token=0.0043 gap=0.0018 rule=0.1523 lr=0.0001
train epoch 2/2 [###---------------------]  14.4% 225/1563 elapsed=00:01:42 loss=0.0517 token=0.0043 gap=0.0018 rule=0.1510 lr=0.0001
train epoch 2/2 [####--------------------]  15.4% 240/1563 elapsed=00:01:49 loss=0.0512 token=0.0043 gap=0.0017 rule=0.1495 lr=0.0001
train epoch 2/2 [####--------------------]  16.3% 255/1563 elapsed=00:01:56 loss=0.0508 token=0.0042 gap=0.0018 rule=0.1481 lr=0.0001
train epoch 2/2 [####--------------------]  17.3% 270/1563 elapsed=00:02:02 loss=0.0502 token=0.0041 gap=0.0018 rule=0.1466 lr=0.0001
train epoch 2/2 [####--------------------]  18.2% 285/1563 elapsed=00:02:09 loss=0.0497 token=0.0041 gap=0.0017 rule=0.1452 lr=0.0001
train epoch 2/2 [#####-------------------]  19.2% 300/1563 elapsed=00:02:15 loss=0.0493 token=0.0041 gap=0.0017 rule=0.1440 lr=0.0001
train epoch 2/2 [#####-------------------]  20.2% 315/1563 elapsed=00:02:22 loss=0.0488 token=0.0040 gap=0.0017 rule=0.1425 lr=0.0001
train epoch 2/2 [#####-------------------]  21.1% 330/1563 elapsed=00:02:28 loss=0.0485 token=0.0040 gap=0.0017 rule=0.1413 lr=0.0001
train epoch 2/2 [#####-------------------]  22.1% 345/1563 elapsed=00:02:35 loss=0.0482 token=0.0040 gap=0.0017 rule=0.1403 lr=0.0001
train epoch 2/2 [######------------------]  23.0% 360/1563 elapsed=00:02:42 loss=0.0481 token=0.0040 gap=0.0017 rule=0.1402 lr=0.0001
train epoch 2/2 [######------------------]  24.0% 375/1563 elapsed=00:02:48 loss=0.0476 token=0.0040 gap=0.0016 rule=0.1389 lr=0.0001
train epoch 2/2 [######------------------]  25.0% 390/1563 elapsed=00:02:55 loss=0.0472 token=0.0040 gap=0.0016 rule=0.1375 lr=0.0001
train epoch 2/2 [######------------------]  25.9% 405/1563 elapsed=00:03:01 loss=0.0469 token=0.0040 gap=0.0016 rule=0.1368 lr=0.0001
train epoch 2/2 [######------------------]  26.9% 420/1563 elapsed=00:03:09 loss=0.0464 token=0.0040 gap=0.0015 rule=0.1354 lr=0.0001
train epoch 2/2 [#######-----------------]  27.8% 435/1563 elapsed=00:03:15 loss=0.0460 token=0.0040 gap=0.0015 rule=0.1339 lr=0.0001
train epoch 2/2 [#######-----------------]  28.8% 450/1563 elapsed=00:03:22 loss=0.0458 token=0.0039 gap=0.0015 rule=0.1334 lr=0.0001
train epoch 2/2 [#######-----------------]  29.8% 465/1563 elapsed=00:03:28 loss=0.0456 token=0.0039 gap=0.0016 rule=0.1327 lr=0.0001
train epoch 2/2 [#######-----------------]  30.7% 480/1563 elapsed=00:03:35 loss=0.0452 token=0.0038 gap=0.0015 rule=0.1316 lr=0.0001
train epoch 2/2 [########----------------]  31.7% 495/1563 elapsed=00:03:42 loss=0.0449 token=0.0038 gap=0.0015 rule=0.1310 lr=0.0001
train epoch 2/2 [########----------------]  32.6% 510/1563 elapsed=00:03:49 loss=0.0446 token=0.0038 gap=0.0015 rule=0.1302 lr=0.0001
train epoch 2/2 [########----------------]  33.6% 525/1563 elapsed=00:03:56 loss=0.0444 token=0.0038 gap=0.0015 rule=0.1295 lr=0.0001
train epoch 2/2 [########----------------]  34.5% 540/1563 elapsed=00:04:02 loss=0.0444 token=0.0038 gap=0.0016 rule=0.1290 lr=0.0001
train epoch 2/2 [#########---------------]  35.5% 555/1563 elapsed=00:04:09 loss=0.0441 token=0.0038 gap=0.0015 rule=0.1283 lr=0.0001
train epoch 2/2 [#########---------------]  36.5% 570/1563 elapsed=00:04:16 loss=0.0439 token=0.0038 gap=0.0015 rule=0.1277 lr=0.0001
train epoch 2/2 [#########---------------]  37.4% 585/1563 elapsed=00:04:23 loss=0.0436 token=0.0038 gap=0.0015 rule=0.1268 lr=0.0001
train epoch 2/2 [#########---------------]  38.4% 600/1563 elapsed=00:04:29 loss=0.0434 token=0.0037 gap=0.0015 rule=0.1261 lr=0.0001
train epoch 2/2 [#########---------------]  39.3% 615/1563 elapsed=00:04:36 loss=0.0432 token=0.0037 gap=0.0016 rule=0.1254 lr=0.0001
train epoch 2/2 [##########--------------]  40.3% 630/1563 elapsed=00:04:42 loss=0.0430 token=0.0037 gap=0.0016 rule=0.1247 lr=0.0001
train epoch 2/2 [##########--------------]  41.3% 645/1563 elapsed=00:04:49 loss=0.0427 token=0.0036 gap=0.0016 rule=0.1238 lr=0.0001
train epoch 2/2 [##########--------------]  42.2% 660/1563 elapsed=00:04:56 loss=0.0425 token=0.0036 gap=0.0016 rule=0.1233 lr=0.0001
train epoch 2/2 [##########--------------]  43.2% 675/1563 elapsed=00:05:02 loss=0.0422 token=0.0036 gap=0.0015 rule=0.1227 lr=0.0001
train epoch 2/2 [###########-------------]  44.1% 690/1563 elapsed=00:05:09 loss=0.0420 token=0.0036 gap=0.0015 rule=0.1219 lr=0.0001
train epoch 2/2 [###########-------------]  45.1% 705/1563 elapsed=00:05:15 loss=0.0416 token=0.0035 gap=0.0015 rule=0.1209 lr=0.0001
train epoch 2/2 [###########-------------]  46.1% 720/1563 elapsed=00:05:22 loss=0.0415 token=0.0035 gap=0.0015 rule=0.1205 lr=0.0001
train epoch 2/2 [###########-------------]  47.0% 735/1563 elapsed=00:05:29 loss=0.0413 token=0.0035 gap=0.0015 rule=0.1200 lr=0.0001
train epoch 2/2 [############------------]  48.0% 750/1563 elapsed=00:05:37 loss=0.0410 token=0.0035 gap=0.0015 rule=0.1192 lr=0.0001
train epoch 2/2 [############------------]  48.9% 765/1563 elapsed=00:05:43 loss=0.0409 token=0.0035 gap=0.0015 rule=0.1187 lr=0.0001
train epoch 2/2 [############------------]  49.9% 780/1563 elapsed=00:05:50 loss=0.0407 token=0.0035 gap=0.0014 rule=0.1183 lr=0.0001
train epoch 2/2 [############------------]  50.9% 795/1563 elapsed=00:05:56 loss=0.0406 token=0.0035 gap=0.0015 rule=0.1179 lr=0.0001
train epoch 2/2 [############------------]  51.8% 810/1563 elapsed=00:06:03 loss=0.0405 token=0.0035 gap=0.0014 rule=0.1175 lr=0.0001
train epoch 2/2 [#############-----------]  52.8% 825/1563 elapsed=00:06:09 loss=0.0403 token=0.0035 gap=0.0014 rule=0.1170 lr=0.0001
train epoch 2/2 [#############-----------]  53.7% 840/1563 elapsed=00:06:15 loss=0.0401 token=0.0034 gap=0.0014 rule=0.1166 lr=0.0001
train epoch 2/2 [#############-----------]  54.7% 855/1563 elapsed=00:06:22 loss=0.0399 token=0.0034 gap=0.0014 rule=0.1159 lr=0.0001
train epoch 2/2 [#############-----------]  55.7% 870/1563 elapsed=00:06:28 loss=0.0397 token=0.0034 gap=0.0014 rule=0.1153 lr=0.0001
train epoch 2/2 [##############----------]  56.6% 885/1563 elapsed=00:06:34 loss=0.0394 token=0.0034 gap=0.0014 rule=0.1146 lr=0.0001
train epoch 2/2 [##############----------]  57.6% 900/1563 elapsed=00:06:41 loss=0.0392 token=0.0034 gap=0.0014 rule=0.1139 lr=0.0001
train epoch 2/2 [##############----------]  58.5% 915/1563 elapsed=00:06:48 loss=0.0390 token=0.0034 gap=0.0014 rule=0.1134 lr=0.0001
train epoch 2/2 [##############----------]  59.5% 930/1563 elapsed=00:06:54 loss=0.0388 token=0.0033 gap=0.0014 rule=0.1128 lr=0.0001
train epoch 2/2 [###############---------]  60.5% 945/1563 elapsed=00:07:01 loss=0.0386 token=0.0033 gap=0.0014 rule=0.1121 lr=0.0001
train epoch 2/2 [###############---------]  61.4% 960/1563 elapsed=00:07:08 loss=0.0384 token=0.0033 gap=0.0014 rule=0.1115 lr=0.0001
train epoch 2/2 [###############---------]  62.4% 975/1563 elapsed=00:07:14 loss=0.0383 token=0.0033 gap=0.0014 rule=0.1111 lr=0.0001
train epoch 2/2 [###############---------]  63.3% 990/1563 elapsed=00:07:21 loss=0.0381 token=0.0033 gap=0.0013 rule=0.1105 lr=0.0001
train epoch 2/2 [###############---------]  64.3% 1005/1563 elapsed=00:07:28 loss=0.0379 token=0.0033 gap=0.0013 rule=0.1102 lr=0.0001
train epoch 2/2 [################--------]  65.3% 1020/1563 elapsed=00:07:34 loss=0.0377 token=0.0033 gap=0.0013 rule=0.1096 lr=0.0001
train epoch 2/2 [################--------]  66.2% 1035/1563 elapsed=00:07:41 loss=0.0376 token=0.0032 gap=0.0013 rule=0.1091 lr=0.0001
train epoch 2/2 [################--------]  67.2% 1050/1563 elapsed=00:07:47 loss=0.0374 token=0.0032 gap=0.0013 rule=0.1088 lr=0.0001
train epoch 2/2 [################--------]  68.1% 1065/1563 elapsed=00:07:54 loss=0.0372 token=0.0032 gap=0.0013 rule=0.1082 lr=0.0001
train epoch 2/2 [#################-------]  69.1% 1080/1563 elapsed=00:08:01 loss=0.0371 token=0.0032 gap=0.0013 rule=0.1078 lr=0.0001
train epoch 2/2 [#################-------]  70.1% 1095/1563 elapsed=00:08:08 loss=0.0370 token=0.0032 gap=0.0013 rule=0.1074 lr=0.0001
train epoch 2/2 [#################-------]  71.0% 1110/1563 elapsed=00:08:14 loss=0.0367 token=0.0032 gap=0.0013 rule=0.1068 lr=0.0001
train epoch 2/2 [#################-------]  72.0% 1125/1563 elapsed=00:08:21 loss=0.0366 token=0.0032 gap=0.0013 rule=0.1064 lr=0.0001
train epoch 2/2 [##################------]  72.9% 1140/1563 elapsed=00:08:28 loss=0.0365 token=0.0032 gap=0.0013 rule=0.1060 lr=0.0001
train epoch 2/2 [##################------]  73.9% 1155/1563 elapsed=00:08:34 loss=0.0363 token=0.0031 gap=0.0013 rule=0.1053 lr=0.0001
train epoch 2/2 [##################------]  74.9% 1170/1563 elapsed=00:08:41 loss=0.0361 token=0.0031 gap=0.0013 rule=0.1050 lr=0.0001
train epoch 2/2 [##################------]  75.8% 1185/1563 elapsed=00:08:47 loss=0.0360 token=0.0031 gap=0.0013 rule=0.1045 lr=0.0001
train epoch 2/2 [##################------]  76.8% 1200/1563 elapsed=00:08:54 loss=0.0358 token=0.0031 gap=0.0013 rule=0.1041 lr=0.0001
train epoch 2/2 [###################-----]  77.7% 1215/1563 elapsed=00:09:00 loss=0.0357 token=0.0031 gap=0.0012 rule=0.1037 lr=0.0001
train epoch 2/2 [###################-----]  78.7% 1230/1563 elapsed=00:09:07 loss=0.0355 token=0.0031 gap=0.0012 rule=0.1032 lr=0.0001
train epoch 2/2 [###################-----]  79.7% 1245/1563 elapsed=00:09:14 loss=0.0354 token=0.0031 gap=0.0012 rule=0.1027 lr=0.0001
train epoch 2/2 [###################-----]  80.6% 1260/1563 elapsed=00:09:20 loss=0.0352 token=0.0031 gap=0.0012 rule=0.1023 lr=0.0001
train epoch 2/2 [####################----]  81.6% 1275/1563 elapsed=00:09:27 loss=0.0351 token=0.0031 gap=0.0012 rule=0.1018 lr=0.0001
train epoch 2/2 [####################----]  82.5% 1290/1563 elapsed=00:09:33 loss=0.0350 token=0.0031 gap=0.0012 rule=0.1014 lr=0.0001
train epoch 2/2 [####################----]  83.5% 1305/1563 elapsed=00:09:40 loss=0.0348 token=0.0030 gap=0.0012 rule=0.1010 lr=0.0001
train epoch 2/2 [####################----]  84.5% 1320/1563 elapsed=00:09:47 loss=0.0346 token=0.0030 gap=0.0012 rule=0.1004 lr=0.0001
train epoch 2/2 [####################----]  85.4% 1335/1563 elapsed=00:09:54 loss=0.0345 token=0.0030 gap=0.0012 rule=0.0999 lr=0.0001
train epoch 2/2 [#####################---]  86.4% 1350/1563 elapsed=00:10:00 loss=0.0344 token=0.0030 gap=0.0012 rule=0.0996 lr=0.0001
train epoch 2/2 [#####################---]  87.3% 1365/1563 elapsed=00:10:07 loss=0.0342 token=0.0030 gap=0.0012 rule=0.0992 lr=0.0001
train epoch 2/2 [#####################---]  88.3% 1380/1563 elapsed=00:10:14 loss=0.0341 token=0.0030 gap=0.0012 rule=0.0988 lr=0.0001
train epoch 2/2 [#####################---]  89.3% 1395/1563 elapsed=00:10:21 loss=0.0339 token=0.0030 gap=0.0012 rule=0.0983 lr=0.0001
train epoch 2/2 [######################--]  90.2% 1410/1563 elapsed=00:10:27 loss=0.0338 token=0.0029 gap=0.0012 rule=0.0979 lr=0.0001
train epoch 2/2 [######################--]  91.2% 1425/1563 elapsed=00:10:34 loss=0.0336 token=0.0029 gap=0.0012 rule=0.0974 lr=0.0001
train epoch 2/2 [######################--]  92.1% 1440/1563 elapsed=00:10:41 loss=0.0334 token=0.0029 gap=0.0012 rule=0.0968 lr=0.0001
train epoch 2/2 [######################--]  93.1% 1455/1563 elapsed=00:10:47 loss=0.0332 token=0.0029 gap=0.0012 rule=0.0963 lr=0.0001
train epoch 2/2 [#######################-]  94.0% 1470/1563 elapsed=00:10:54 loss=0.0330 token=0.0029 gap=0.0012 rule=0.0958 lr=0.0001
train epoch 2/2 [#######################-]  95.0% 1485/1563 elapsed=00:11:00 loss=0.0329 token=0.0029 gap=0.0012 rule=0.0955 lr=0.0001
train epoch 2/2 [#######################-]  96.0% 1500/1563 elapsed=00:11:07 loss=0.0327 token=0.0029 gap=0.0012 rule=0.0950 lr=0.0001
train epoch 2/2 [#######################-]  96.9% 1515/1563 elapsed=00:11:14 loss=0.0326 token=0.0028 gap=0.0012 rule=0.0947 lr=0.0001
train epoch 2/2 [#######################-]  97.9% 1530/1563 elapsed=00:11:21 loss=0.0325 token=0.0029 gap=0.0012 rule=0.0943 lr=0.0001
train epoch 2/2 [########################]  98.8% 1545/1563 elapsed=00:11:27 loss=0.0324 token=0.0028 gap=0.0011 rule=0.0939 lr=0.0001
train epoch 2/2 [########################]  99.8% 1560/1563 elapsed=00:11:34 loss=0.0322 token=0.0028 gap=0.0011 rule=0.0935 lr=0.0001
train epoch 2/2 [########################] 100.0% 1563/1563 elapsed=00:11:35 loss=0.0322 token=0.0028 gap=0.0011 rule=0.0934 lr=0.0001
validate epoch 2/2 [------------------------]   0.0% 0/500 elapsed=00:00:00
validate epoch 2/2 [###---------------------]  12.8% 64/500 elapsed=00:00:00 loss=0.0007 exact=1.0000
validate epoch 2/2 [######------------------]  25.6% 128/500 elapsed=00:00:00 loss=0.0016 exact=0.9766
validate epoch 2/2 [#########---------------]  38.4% 192/500 elapsed=00:00:00 loss=0.0038 exact=0.9479
validate epoch 2/2 [############------------]  51.2% 256/500 elapsed=00:00:01 loss=0.0055 exact=0.9336
validate epoch 2/2 [###############---------]  64.0% 320/500 elapsed=00:00:01 loss=0.0082 exact=0.9344
validate epoch 2/2 [##################------]  76.8% 384/500 elapsed=00:00:01 loss=0.0094 exact=0.9297
validate epoch 2/2 [######################--]  89.6% 448/500 elapsed=00:00:01 loss=0.0102 exact=0.9330
validate epoch 2/2 [########################] 100.0% 500/500 elapsed=00:00:01 loss=0.0117 exact=0.9300
